Component: ARM Compiler 6.14 Tool: armlink [5db06800]

==============================================================================

Section Cross References

    app_lorawan.o(.text.MX_LoRaWAN_Init) refers to sys_app.o(.text.SystemApp_Init) for SystemApp_Init
    app_lorawan.o(.text.MX_LoRaWAN_Init) refers to lora_app.o(.text.LoRaWAN_Init) for LoRaWAN_Init
    app_lorawan.o(.ARM.exidx.text.MX_LoRaWAN_Init) refers to app_lorawan.o(.text.MX_LoRaWAN_Init) for [Anonymous Symbol]
    app_lorawan.o(.text.MX_LoRaWAN_Process) refers to stm32_seq.o(.text.UTIL_SEQ_Run) for UTIL_SEQ_Run
    app_lorawan.o(.ARM.exidx.text.MX_LoRaWAN_Process) refers to app_lorawan.o(.text.MX_LoRaWAN_Process) for [Anonymous Symbol]
    lora_app.o(.text.LoRaWAN_Init) refers to stm32_seq.o(.text.UTIL_SEQ_RegTask) for UTIL_SEQ_RegTask
    lora_app.o(.text.LoRaWAN_Init) refers to lora_info.o(.text.LoraInfo_Init) for LoraInfo_Init
    lora_app.o(.text.LoRaWAN_Init) refers to lmhandler.o(.text.LmHandlerInit) for LmHandlerInit
    lora_app.o(.text.LoRaWAN_Init) refers to lmhandler.o(.text.LmHandlerConfigure) for LmHandlerConfigure
    lora_app.o(.text.LoRaWAN_Init) refers to stm32_timer.o(.text.UTIL_TIMER_Start) for UTIL_TIMER_Start
    lora_app.o(.text.LoRaWAN_Init) refers to lmhandler.o(.text.LmHandlerJoin) for LmHandlerJoin
    lora_app.o(.text.LoRaWAN_Init) refers to stm32_adv_trace.o(.text.UTIL_ADV_TRACE_COND_FSend) for UTIL_ADV_TRACE_COND_FSend
    lora_app.o(.text.LoRaWAN_Init) refers to lora_app.o(.bss..L_MergedGlobals.26) for [Anonymous Symbol]
    lora_app.o(.text.LoRaWAN_Init) refers to lora_app.o(.text.OnTxTimerLedEvent) for OnTxTimerLedEvent
    lora_app.o(.text.LoRaWAN_Init) refers to stm32_timer.o(.text.UTIL_TIMER_Create) for UTIL_TIMER_Create
    lora_app.o(.text.LoRaWAN_Init) refers to lora_app.o(.text.OnRxTimerLedEvent) for OnRxTimerLedEvent
    lora_app.o(.text.LoRaWAN_Init) refers to lora_app.o(.text.OnJoinTimerLedEvent) for OnJoinTimerLedEvent
    lora_app.o(.text.LoRaWAN_Init) refers to stm32_timer.o(.text.UTIL_TIMER_SetPeriod) for UTIL_TIMER_SetPeriod
    lora_app.o(.text.LoRaWAN_Init) refers to lmhandler.o(.text.LmHandlerProcess) for LmHandlerProcess
    lora_app.o(.text.LoRaWAN_Init) refers to lora_app.o(.text.SendTxData) for SendTxData
    lora_app.o(.text.LoRaWAN_Init) refers to lora_app.o(.data..L_MergedGlobals) for [Anonymous Symbol]
    lora_app.o(.text.LoRaWAN_Init) refers to lora_app.o(.text.OnTxTimerEvent) for OnTxTimerEvent
    lora_app.o(.ARM.exidx.text.LoRaWAN_Init) refers to lora_app.o(.text.LoRaWAN_Init) for [Anonymous Symbol]
    lora_app.o(.ARM.exidx.text.OnTxTimerLedEvent) refers to lora_app.o(.text.OnTxTimerLedEvent) for [Anonymous Symbol]
    lora_app.o(.ARM.exidx.text.OnRxTimerLedEvent) refers to lora_app.o(.text.OnRxTimerLedEvent) for [Anonymous Symbol]
    lora_app.o(.ARM.exidx.text.OnJoinTimerLedEvent) refers to lora_app.o(.text.OnJoinTimerLedEvent) for [Anonymous Symbol]
    lora_app.o(.text.SendTxData) refers to sys_sensors.o(.text.EnvSensors_Read) for EnvSensors_Read
    lora_app.o(.text.SendTxData) refers to adc_if.o(.text.SYS_GetTemperatureLevel) for SYS_GetTemperatureLevel
    lora_app.o(.text.SendTxData) refers to fmul.o(.text) for __aeabi_fmul
    lora_app.o(.text.SendTxData) refers to fdiv.o(.text) for __aeabi_fdiv
    lora_app.o(.text.SendTxData) refers to ffixi.o(.text) for __aeabi_f2iz
    lora_app.o(.text.SendTxData) refers to sys_app.o(.text.GetBatteryLevel) for GetBatteryLevel
    lora_app.o(.text.SendTxData) refers to lmhandler.o(.text.LmHandlerSend) for LmHandlerSend
    lora_app.o(.text.SendTxData) refers to uidiv.o(.text) for __aeabi_uidiv
    lora_app.o(.text.SendTxData) refers to stm32_adv_trace.o(.text.UTIL_ADV_TRACE_COND_FSend) for UTIL_ADV_TRACE_COND_FSend
    lora_app.o(.text.SendTxData) refers to lora_app.o(.data..L_MergedGlobals) for [Anonymous Symbol]
    lora_app.o(.text.SendTxData) refers to lora_app.o(.bss..L_MergedGlobals.26) for [Anonymous Symbol]
    lora_app.o(.ARM.exidx.text.SendTxData) refers to lora_app.o(.text.SendTxData) for [Anonymous Symbol]
    lora_app.o(.text.OnTxTimerEvent) refers to stm32_seq.o(.text.UTIL_SEQ_SetTask) for UTIL_SEQ_SetTask
    lora_app.o(.text.OnTxTimerEvent) refers to stm32_timer.o(.text.UTIL_TIMER_Start) for UTIL_TIMER_Start
    lora_app.o(.text.OnTxTimerEvent) refers to lora_app.o(.bss..L_MergedGlobals.26) for [Anonymous Symbol]
    lora_app.o(.ARM.exidx.text.OnTxTimerEvent) refers to lora_app.o(.text.OnTxTimerEvent) for [Anonymous Symbol]
    lora_app.o(.text.HAL_GPIO_EXTI_Callback) refers to stm32_seq.o(.text.UTIL_SEQ_SetTask) for UTIL_SEQ_SetTask
    lora_app.o(.ARM.exidx.text.HAL_GPIO_EXTI_Callback) refers to lora_app.o(.text.HAL_GPIO_EXTI_Callback) for [Anonymous Symbol]
    lora_app.o(.text.OnMacProcessNotify) refers to stm32_seq.o(.text.UTIL_SEQ_SetTask) for UTIL_SEQ_SetTask
    lora_app.o(.ARM.exidx.text.OnMacProcessNotify) refers to lora_app.o(.text.OnMacProcessNotify) for [Anonymous Symbol]
[...]
    SX1276MB1MAS_RADIO_GetPaSelect           0x0800955d   Thumb Code    20  sx1276mb1mas.o(.text.SX1276MB1MAS_RADIO_GetPaSelect)
    SX1276MB1MAS_RADIO_GetWakeUpTime         0x08009571   Thumb Code     4  sx1276mb1mas.o(.text.SX1276MB1MAS_RADIO_GetWakeUpTime)
    SX1276MB1MAS_RADIO_IoDeInit              0x08009575   Thumb Code   140  sx1276mb1mas.o(.text.SX1276MB1MAS_RADIO_IoDeInit)
    SX1276MB1MAS_RADIO_IoInit                0x08009601   Thumb Code   388  sx1276mb1mas.o(.text.SX1276MB1MAS_RADIO_IoInit)
    SX1276MB1MAS_RADIO_IoIrqInit             0x08009785   Thumb Code   108  sx1276mb1mas.o(.text.SX1276MB1MAS_RADIO_IoIrqInit)
    SX1276MB1MAS_RADIO_Reset                 0x080097f1   Thumb Code    70  sx1276mb1mas.o(.text.SX1276MB1MAS_RADIO_Reset)
    SX1276MB1MAS_RADIO_SendRecv              0x08009837   Thumb Code    22  sx1276mb1mas.o(.text.SX1276MB1MAS_RADIO_SendRecv)
    SX1276MB1MAS_RADIO_SetAntSw              0x0800984d   Thumb Code    48  sx1276mb1mas.o(.text.SX1276MB1MAS_RADIO_SetAntSw)
    SX1276MB1MAS_RADIO_SetXO                 0x0800987d   Thumb Code     2  sx1276mb1mas.o(.text.SX1276MB1MAS_RADIO_SetXO)
    SX1276Random                             0x08009d55   Thumb Code    62  sx1276.o(.text.SX1276Random)
    SX1276Read                               0x08009d93   Thumb Code    16  sx1276.o(.text.SX1276Read)
    SX1276ReadBuffer                         0x08009da3   Thumb Code    50  sx1276.o(.text.SX1276ReadBuffer)
    SX1276ReadRssi                           0x08009de5   Thumb Code    64  sx1276.o(.text.SX1276ReadRssi)
    SX1276Send                               0x08009e25   Thumb Code   372  sx1276.o(.text.SX1276Send)
    SX1276SetChannel                         0x08009f99   Thumb Code    40  sx1276.o(.text.SX1276SetChannel)
    SX1276SetMaxPayloadLength                0x08009fc1   Thumb Code    48  sx1276.o(.text.SX1276SetMaxPayloadLength)
    SX1276SetModem                           0x08009ff1   Thumb Code    88  sx1276.o(.text.SX1276SetModem)
    SX1276SetPublicNetwork                   0x0800a0c9   Thumb Code    40  sx1276.o(.text.SX1276SetPublicNetwork)
    SX1276SetRx                              0x0800a0f1   Thumb Code   532  sx1276.o(.text.SX1276SetRx)
    SX1276SetRxConfig                        0x0800a305   Thumb Code   676  sx1276.o(.text.SX1276SetRxConfig)
    SX1276SetSleep                           0x0800a5a9   Thumb Code    44  sx1276.o(.text.SX1276SetSleep)
    SX1276SetStby                            0x0800a5d5   Thumb Code    48  sx1276.o(.text.SX1276SetStby)
    SX1276SetTxConfig                        0x0800a605   Thumb Code   740  sx1276.o(.text.SX1276SetTxConfig)
    SX1276SetTxContinuousWave                0x0800a8e9   Thumb Code   128  sx1276.o(.text.SX1276SetTxContinuousWave)
    SX1276StartCad                           0x0800a969   Thumb Code    52  sx1276.o(.text.SX1276StartCad)
    SX1276Write                              0x0800a99d   Thumb Code    16  sx1276.o(.text.SX1276Write)
    SX1276WriteBuffer                        0x0800a9ad   Thumb Code    48  sx1276.o(.text.SX1276WriteBuffer)
    SYS_GetBatteryLevel                      0x0800a9ed   Thumb Code    44  adc_if.o(.text.SYS_GetBatteryLevel)
    SYS_GetTemperatureLevel                  0x0800aa19   Thumb Code    96  adc_if.o(.text.SYS_GetTemperatureLevel)
    SYS_InitMeasurement                      0x0800aa79   Thumb Code    16  adc_if.o(.text.SYS_InitMeasurement)
    SecureElementAesEncrypt                  0x0800ade1   Thumb Code    96  soft-se.o(.text.SecureElementAesEncrypt)
    SecureElementComputeAesCmac              0x0800ae41   Thumb Code    20  soft-se.o(.text.SecureElementComputeAesCmac)
    SecureElementDeriveAndStoreKey           0x0800ae55   Thumb Code    60  soft-se.o(.text.SecureElementDeriveAndStoreKey)
    SecureElementGetDevEui                   0x0800ae91   Thumb Code     8  soft-se.o(.text.SecureElementGetDevEui)
    SecureElementGetJoinEui                  0x0800ae99   Thumb Code     8  soft-se.o(.text.SecureElementGetJoinEui)
    SecureElementGetKeyByID                  0x0800aea1   Thumb Code    44  soft-se.o(.text.SecureElementGetKeyByID)
    SecureElementInit                        0x0800aecd   Thumb Code   164  soft-se.o(.text.SecureElementInit)
    SecureElementProcessJoinAccept           0x0800af71   Thumb Code   126  soft-se.o(.text.SecureElementProcessJoinAccept)
    SecureElementRandomNumber                0x0800aff1   Thumb Code    28  soft-se.o(.text.SecureElementRandomNumber)
    SecureElementSetDevEui                   0x0800b00d   Thumb Code    28  soft-se.o(.text.SecureElementSetDevEui)
    SecureElementSetJoinEui                  0x0800b029   Thumb Code    28  soft-se.o(.text.SecureElementSetJoinEui)
    SecureElementSetKey                      0x0800b045   Thumb Code   108  soft-se.o(.text.SecureElementSetKey)
    SecureElementVerifyAesCmac               0x0800b0b1   Thumb Code    48  soft-se.o(.text.SecureElementVerifyAesCmac)
    SysTick_Handler                          0x0800b331   Thumb Code     8  stm32l0xx_it.o(.text.SysTick_Handler)
    SysTimeAdd                               0x0800b339   Thumb Code    44  stm32_systime.o(.text.SysTimeAdd)
    SysTimeFromMs                            0x0800b365   Thumb Code    60  stm32_systime.o(.text.SysTimeFromMs)
    SysTimeGet                               0x0800b3a1   Thumb Code    64  stm32_systime.o(.text.SysTimeGet)
    SysTimeGetMcuTime                        0x0800b3e1   Thumb Code    20  stm32_systime.o(.text.SysTimeGetMcuTime)
    SysTimeSet                               0x0800b3f5   Thumb Code    64  stm32_systime.o(.text.SysTimeSet)
    SysTimeSub                               0x0800b435   Thumb Code    36  stm32_systime.o(.text.SysTimeSub)
    SysTimeToMs                              0x0800b459   Thumb Code    56  stm32_systime.o(.text.SysTimeToMs)
    SystemApp_Init                           0x0800b491   Thumb Code   244  sys_app.o(.text.SystemApp_Init)
    SystemClock_Config                       0x0800b585   Thumb Code   148  main.o(.text.SystemClock_Config)
    SystemInit                               0x0800b619   Thumb Code    80  system_stm32l0xx.o(.text.SystemInit)
    TimerExists                              0x0800b82d   Thumb Code    24  stm32_timer.o(.text.TimerExists)
    TimerInsertNewHeadTimer                  0x0800b845   Thumb Code    24  stm32_timer.o(.text.TimerInsertNewHeadTimer)
    TimerInsertTimer                         0x0800b85d   Thumb Code    36  stm32_timer.o(.text.TimerInsertTimer)
    TimerSetTimeout                          0x0800b881   Thumb Code    52  stm32_timer.o(.text.TimerSetTimeout)
    UART_AdvFeatureConfig                    0x0800b8db   Thumb Code   184  stm32l0xx_hal_uart.o(.text.UART_AdvFeatureConfig)
    UART_CheckIdleState                      0x0800b995   Thumb Code   104  stm32l0xx_hal_uart.o(.text.UART_CheckIdleState)
    UART_SetConfig                           0x0800bbb9   Thumb Code   472  stm32l0xx_hal_uart.o(.text.UART_SetConfig)
    UART_Start_Receive_IT                    0x0800bd91   Thumb Code   140  stm32l0xx_hal_uart.o(.text.UART_Start_Receive_IT)
    UART_WaitOnFlagUntilTimeout              0x0800be1d   Thumb Code   146  stm32l0xx_hal_uart.o(.text.UART_WaitOnFlagUntilTimeout)
    USART2_IRQHandler                        0x0800beb1   Thumb Code    16  stm32l0xx_it.o(.text.USART2_IRQHandler)
    UTIL_ADV_TRACE_COND_FSend                0x0800bec1   Thumb Code   168  stm32_adv_trace.o(.text.UTIL_ADV_TRACE_COND_FSend)
    UTIL_ADV_TRACE_Init                      0x0800bf69   Thumb Code    48  stm32_adv_trace.o(.text.UTIL_ADV_TRACE_Init)
    UTIL_ADV_TRACE_PostSendHook              0x0800bf99   Thumb Code    12  sys_app.o(.text.UTIL_ADV_TRACE_PostSendHook)
    UTIL_ADV_TRACE_PreSendHook               0x0800bfa5   Thumb Code    12  sys_app.o(.text.UTIL_ADV_TRACE_PreSendHook)
    UTIL_ADV_TRACE_RegisterTimeStampFunction 0x0800bfb1   Thumb Code     8  stm32_adv_trace.o(.text.UTIL_ADV_TRACE_RegisterTimeStampFunction)
    UTIL_ADV_TRACE_SetVerboseLevel           0x0800bfb9   Thumb Code    12  stm32_adv_trace.o(.text.UTIL_ADV_TRACE_SetVerboseLevel)
    UTIL_LPM_EnterLowPower                   0x0800bfc5   Thumb Code    64  stm32_lpm.o(.text.UTIL_LPM_EnterLowPower)
    UTIL_LPM_GetMode                         0x0800c005   Thumb Code    36  stm32_lpm.o(.text.UTIL_LPM_GetMode)
    UTIL_LPM_Init                            0x0800c029   Thumb Code    12  stm32_lpm.o(.text.UTIL_LPM_Init)
    UTIL_LPM_SetOffMode                      0x0800c035   Thumb Code    44  stm32_lpm.o(.text.UTIL_LPM_SetOffMode)
    UTIL_LPM_SetStopMode                     0x0800c061   Thumb Code    48  stm32_lpm.o(.text.UTIL_LPM_SetStopMode)
    UTIL_MEM_cpy_8                           0x0800c091   Thumb Code    18  stm32_mem.o(.text.UTIL_MEM_cpy_8)
    UTIL_MEM_set_8                           0x0800c0a3   Thumb Code    14  stm32_mem.o(.text.UTIL_MEM_set_8)
    UTIL_SEQ_Idle                            0x0800c0b1   Thumb Code     8  sys_app.o(.text.UTIL_SEQ_Idle)
    UTIL_SEQ_PostIdle                        0x0800c0b9   Thumb Code     2  stm32_seq.o(.text.UTIL_SEQ_PostIdle)
    UTIL_SEQ_PreIdle                         0x0800c0bb   Thumb Code     2  stm32_seq.o(.text.UTIL_SEQ_PreIdle)
    UTIL_SEQ_RegTask                         0x0800c0bd   Thumb Code    32  stm32_seq.o(.text.UTIL_SEQ_RegTask)
    UTIL_SEQ_Run                             0x0800c0dd   Thumb Code   212  stm32_seq.o(.text.UTIL_SEQ_Run)
    UTIL_SEQ_SetTask                         0x0800c1b1   Thumb Code    40  stm32_seq.o(.text.UTIL_SEQ_SetTask)
    UTIL_TIMER_Create                        0x0800c1d9   Thumb Code    56  stm32_timer.o(.text.UTIL_TIMER_Create)
    UTIL_TIMER_GetCurrentTime                0x0800c211   Thumb Code    16  stm32_timer.o(.text.UTIL_TIMER_GetCurrentTime)
    UTIL_TIMER_GetElapsedTime                0x0800c221   Thumb Code    28  stm32_timer.o(.text.UTIL_TIMER_GetElapsedTime)
    UTIL_TIMER_IRQ_Handler                   0x0800c23d   Thumb Code   136  stm32_timer.o(.text.UTIL_TIMER_IRQ_Handler)
    UTIL_TIMER_Init                          0x0800c2c5   Thumb Code    16  stm32_timer.o(.text.UTIL_TIMER_Init)
    UTIL_TIMER_SetPeriod                     0x0800c2d5   Thumb Code    52  stm32_timer.o(.text.UTIL_TIMER_SetPeriod)
    UTIL_TIMER_Start                         0x0800c309   Thumb Code   116  stm32_timer.o(.text.UTIL_TIMER_Start)
    UTIL_TIMER_Stop                          0x0800c37d   Thumb Code   112  stm32_timer.o(.text.UTIL_TIMER_Stop)
    lorawan_aes_encrypt                      0x0800c555   Thumb Code   588  lorawan_aes.o(.text.lorawan_aes_encrypt)
    lorawan_aes_set_key                      0x0800c7a1   Thumb Code   268  lorawan_aes.o(.text.lorawan_aes_set_key)
    main                                     0x0800c8ad   Thumb Code    18  main.o(.text.main)
    memcpy1                                  0x0800c8bf   Thumb Code    18  utilities.o(.text.memcpy1)
    memcpyr                                  0x0800c8d1   Thumb Code    22  utilities.o(.text.memcpyr)
    memset1                                  0x0800c8e7   Thumb Code    14  utilities.o(.text.memset1)
    randr                                    0x0800c8f5   Thumb Code    52  utilities.o(.text.randr)
    srand1                                   0x0800c929   Thumb Code    12  utilities.o(.text.srand1)
    tiny_vsnprintf_like                      0x0800c95d   Thumb Code   672  stm32_tiny_vsnprintf.o(.text.tiny_vsnprintf_like)
    vcom_DeInit                              0x0800cbfd   Thumb Code    40  usart_if.o(.text.vcom_DeInit)
    vcom_Init                                0x0800cc25   Thumb Code    24  usart_if.o(.text.vcom_Init)
    vcom_ReceiveInit                         0x0800cc3d   Thumb Code    68  usart_if.o(.text.vcom_ReceiveInit)
    vcom_Trace_DMA                           0x0800cc81   Thumb Code    20  usart_if.o(.text.vcom_Trace_DMA)
    __scatterload_copy                       0x0800cd17   Thumb Code    14  handlers.o(i.__scatterload_copy)
    __scatterload_null                       0x0800cd25   Thumb Code     2  handlers.o(i.__scatterload_null)
    __scatterload_zeroinit                   0x0800cd27   Thumb Code    14  handlers.o(i.__scatterload_zeroinit)
    floorf                                   0x0800cd35   Thumb Code    98  floorf.o(i.floorf)
    AHBPrescTable                            0x0800ce64   Data          16  system_stm32l0xx.o(.rodata.AHBPrescTable)
    APBPrescTable                            0x0800ce74   Data           8  system_stm32l0xx.o(.rodata.APBPrescTable)
    FskBandwidths                            0x0800cea4   Data         176  sx1276.o(.rodata.FskBandwidths)
    PLLMulTable                              0x0800cf54   Data           9  system_stm32l0xx.o(.rodata.PLLMulTable)
    Radio                                    0x0800cf60   Data         108  sx1276.o(.rodata.Radio)
    RadioRegsInit                            0x0800cfcc   Data          48  sx1276.o(.rodata.RadioRegsInit)
    UTIL_PowerDriver                         0x0800cffc   Data          24  stm32_lpm_if.o(.rodata.UTIL_PowerDriver)
    UTIL_SYSTIMDriver                        0x0800d014   Data          20  rtc_if.o(.rodata.UTIL_SYSTIMDriver)
    UTIL_TimerDriver                         0x0800d028   Data          44  rtc_if.o(.rodata.UTIL_TimerDriver)
    UTIL_TraceDriver                         0x0800d054   Data          16  usart_if.o(.rodata.UTIL_TraceDriver)
    Region$$Table$$Base                      0x0800d5b4   Number         0  anon$$obj.o(Region$$Table)
    Region$$Table$$Limit                     0x0800d5d4   Number         0  anon$$obj.o(Region$$Table)
    uwTickFreq                               0x2000004c   Data           1  stm32l0xx_hal.o(.data..L_MergedGlobals)
    uwTickPrio                               0x20000050   Data           4  stm32l0xx_hal.o(.data..L_MergedGlobals)
    DioIrq                                   0x20000088   Data          24  sx1276.o(.data.DioIrq)
    SystemCoreClock                          0x200000e8   Data           4  system_stm32l0xx.o(.data.SystemCoreClock)
    charRx                                   0x20000134   Data           1  usart_if.o(.bss..L_MergedGlobals)
    LoRaMacRadioEvents                       0x2000017c   Data           4  loramac.o(.bss..L_MergedGlobals)
    TxDoneParams                             0x20000180   Data           4  loramac.o(.bss..L_MergedGlobals)
    RxDoneParams                             0x20000184   Data          16  loramac.o(.bss..L_MergedGlobals)
    TxTimeoutTimer                           0x200001a0   Data          24  sx1276.o(.bss..L_MergedGlobals)
    RxTimeoutTimer                           0x200001b8   Data          24  sx1276.o(.bss..L_MergedGlobals)
    RxTimeoutSyncWord                        0x200001d0   Data          24  sx1276.o(.bss..L_MergedGlobals)
    SX1276                                   0x20001354   Data         104  sx1276.o(.bss.SX1276)
    hRADIO_DIO_exti                          0x20001448   Data          32  sx1276mb1mas.o(.bss.hRADIO_DIO_exti)
    hadc                                     0x20001468   Data          92  adc.o(.bss.hadc)
    hdma_usart2_tx                           0x200014c4   Data          72  usart.o(.bss.hdma_usart2_tx)
    hrtc                                     0x2000150c   Data          36  rtc.o(.bss.hrtc)
    hspi1                                    0x20001530   Data          88  nucleo_l053r8_bus.o(.bss.hspi1)
    huart2                                   0x20001588   Data         132  usart.o(.bss.huart2)
    uwTick                                   0x2000181c   Data           4  stm32l0xx_hal.o(.bss.uwTick)
    __initial_sp                             0x20001e20   Data           0  startup_stm32l053xx.o(STACK)



==============================================================================

Memory Map of the image

  Image Entry point : 0x080000c1

  Load Region LR_IROM1 (Base: 0x08000000, Size: 0x0000d6c8, Max: 0x00010000, ABSOLUTE)

    Execution Region ER_IROM1 (Exec base: 0x08000000, Load base: 0x08000000, Size: 0x0000d5d4, Max: 0x00010000, ABSOLUTE)

    Exec Addr    Load Addr    Size         Type   Attr      Idx    E Section Name        Object

    0x08000000   0x08000000   0x000000c0   Data   RO          346    RESET               startup_stm32l053xx.o
    0x080000c0   0x080000c0   0x00000000   Code   RO         2811  * .ARM.Collect$$$$00000000  mc_p.l(entry.o)
    0x080000c0   0x080000c0   0x00000004   Code   RO         2840    .ARM.Collect$$$$00000001  mc_p.l(entry2.o)
    0x080000c4   0x080000c4   0x00000004   Code   RO         2843    .ARM.Collect$$$$00000004  mc_p.l(entry5.o)
    0x080000c8   0x080000c8   0x00000000   Code   RO         2845    .ARM.Collect$$$$00000008  mc_p.l(entry7b.o)
    0x080000c8   0x080000c8   0x00000000   Code   RO         2847    .ARM.Collect$$$$0000000A  mc_p.l(entry8b.o)
    0x080000c8   0x080000c8   0x00000008   Code   RO         2848    .ARM.Collect$$$$0000000B  mc_p.l(entry9a.o)
    0x080000d0   0x080000d0   0x00000000   Code   RO         2850    .ARM.Collect$$$$0000000D  mc_p.l(entry10a.o)
    0x080000d0   0x080000d0   0x00000000   Code   RO         2852    .ARM.Collect$$$$0000000F  mc_p.l(entry11a.o)
    0x080000d0   0x080000d0   0x00000004   Code   RO         2841    .ARM.Collect$$$$00002712  mc_p.l(entry2.o)
    0x080000d4   0x080000d4   0x0000001c   Code   RO          347    .text               startup_stm32l053xx.o
    0x080000f0   0x080000f0   0x0000002c   Code   RO         2814    .text               mc_p.l(uidiv.o)
    0x0800011c   0x0800011c   0x00000028   Code   RO         2816    .text               mc_p.l(idiv.o)
    0x08000144   0x08000144   0x00000060   Code   RO         2818    .text               mc_p.l(uldiv.o)
    0x080001a4   0x080001a4   0x0000007a   Code   RO         2820    .text               mc_p.l(llmul.o)
    0x0800021e   0x0800021e   0x00000024   Code   RO         2822    .text               mc_p.l(memcpya.o)
    0x08000242   0x08000242   0x00000024   Code   RO         2824    .text               mc_p.l(memseta.o)
    0x08000266   0x08000266   0x0000000e   Code   RO         2826    .text               mc_p.l(strlen.o)
    0x08000274   0x08000274   0x000000b2   Code   RO         2830    .text               mf_p.l(fadd.o)
    0x08000326   0x08000326   0x0000007a   Code   RO         2832    .text               mf_p.l(fmul.o)
    0x080003a0   0x080003a0   0x0000007c   Code   RO         2834    .text               mf_p.l(fdiv.o)
    0x0800041c   0x0800041c   0x0000000e   Code   RO         2836    .text               mf_p.l(ffltui.o)
    0x0800042a   0x0800042a   0x00000032   Code   RO         2838    .text               mf_p.l(ffixi.o)
    0x0800045c   0x0800045c   0x00000020   Code   RO         2854    .text               mc_p.l(llshl.o)
    0x0800047c   0x0800047c   0x00000022   Code   RO         2856    .text               mc_p.l(llushr.o)
    0x0800049e   0x0800049e   0x00000000   Code   RO         2858    .text               mc_p.l(iusefp.o)
    0x0800049e   0x0800049e   0x00000082   Code   RO         2859    .text               mf_p.l(fepilogue.o)
    0x08000520   0x08000520   0x00000024   Code   RO         2861    .text               mc_p.l(init.o)
    0x08000544   0x08000544   0x0000004e   Code   RO          534    .text.ADC_ConversionStop  stm32l0xx_hal_adc.o
    0x08000592   0x08000592   0x00000002   PAD
    0x08000594   0x08000594   0x00000028   Code   RO          578    .text.ADC_DelayMicroSecond  stm32l0xx_hal_adc.o
    0x080005bc   0x080005bc   0x00000058   Code   RO          536    .text.ADC_Disable   stm32l0xx_hal_adc.o
    0x08000614   0x08000614   0x0000006c   Code   RO          542    .text.ADC_Enable    stm32l0xx_hal_adc.o
    0x08000680   0x08000680   0x000000a4   Code   RO           82    .text.ADC_ReadChannels  adc_if.o
    0x08000724   0x08000724   0x00000168   Code   RO         1743    .text.AES_CMAC_Final  cmac.o
    0x0800088c   0x0800088c   0x00000022   Code   RO         1737    .text.AES_CMAC_Init  cmac.o
    0x080008ae   0x080008ae   0x00000010   Code   RO         1739    .text.AES_CMAC_SetKey  cmac.o
    0x080008be   0x080008be   0x000000f4   Code   RO         1741    .text.AES_CMAC_Update  cmac.o
    0x080009b2   0x080009b2   0x00000002   PAD
    0x080009b4   0x080009b4   0x00000078   Code   RO          354    .text.BSP_SPI1_Init  nucleo_l053r8_bus.o
    0x08000a2c   0x08000a2c   0x00000028   Code   RO          364    .text.BSP_SPI1_SendRecv  nucleo_l053r8_bus.o
    0x08000a54   0x08000a54   0x0000007a   Code   RO         1790    .text.ComputeCmac   soft-se.o
    0x08000ace   0x08000ace   0x00000002   PAD
    0x08000ad0   0x08000ad0   0x0000003c   Code   RO         2473    .text.Crc32         utilities.o
    0x08000b0c   0x08000b0c   0x00000028   Code   RO          279    .text.DBG_ConfigForLpm  sys_debug.o
    0x08000b34   0x08000b34   0x00000040   Code   RO          277    .text.DBG_Disable   sys_debug.o
    0x08000b74   0x08000b74   0x00000002   Code   RO          281    .text.DBG_ProbesInit  sys_debug.o
    0x08000b76   0x08000b76   0x00000002   PAD
    0x08000b78   0x08000b78   0x00000010   Code   RO          230    .text.DMA1_Channel4_5_6_7_IRQHandler  stm32l0xx_it.o
    0x08000b88   0x08000b88   0x0000002a   Code   RO          664    .text.DMA_SetConfig  stm32l0xx_hal_dma.o
    0x08000bb2   0x08000bb2   0x00000050   Code   RO         2244    .text.DeriveSessionKey10x  loramaccrypto.o
    0x08000c02   0x08000c02   0x00000002   PAD
    0x08000c04   0x08000c04   0x00000038   Code   RO         1853    .text.DisplayClassUpdate  lmhandler.o
    0x08000c3c   0x08000c3c   0x00000002   Code   RO          224    .text.EXTI0_1_IRQHandler  stm32l0xx_it.o
    0x08000c3e   0x08000c3e   0x00000002   PAD
    0x08000c40   0x08000c40   0x0000000c   Code   RO          226    .text.EXTI2_3_IRQHandler  stm32l0xx_it.o
    0x08000c4c   0x08000c4c   0x00000028   Code   RO          228    .text.EXTI4_15_IRQHandler  stm32l0xx_it.o
    0x08000c74   0x08000c74   0x00000004   Code   RO          292    .text.EnvSensors_Init  sys_sensors.o
    0x08000c78   0x08000c78   0x0000002c   Code   RO          290    .text.EnvSensors_Read  sys_sensors.o
    0x08000ca4   0x08000ca4   0x00000008   Code   RO          104    .text.Error_Handler  main.o
    0x08000cac   0x08000cac   0x00000054   Code   RO          249    .text.GetBatteryLevel  sys_app.o
    0x08000d00   0x08000d00   0x00000018   Code   RO          255    .text.GetDevAddr    sys_app.o
    0x08000d18   0x08000d18   0x00000034   Code   RO         2362    .text.GetDutyCycle  regioncommon.o
    0x08000d4c   0x08000d4c   0x00000038   Code   RO         2197    .text.GetElement    loramacconfirmqueue.o
    0x08000d84   0x08000d84   0x00000028   Code   RO         2554    .text.GetFskBandwidthRegValue  sx1276.o
    0x08000dac   0x08000dac   0x00000028   Code   RO         2252    .text.GetKeyAddrItem  loramaccrypto.o
    0x08000dd4   0x08000dd4   0x00000030   Code   RO         1794    .text.GetKeyByID    soft-se.o
    0x08000e04   0x08000e04   0x00000058   Code   RO         2230    .text.GetLastFcntDown  loramaccrypto.o
    0x08000e5c   0x08000e5c   0x00000030   Code   RO         2029    .text.GetMaxAppPayloadWithoutFOptsLength  loramac.o
    0x08000e8c   0x08000e8c   0x00000014   Code   RO          251    .text.GetTemperatureLevel  sys_app.o
    0x08000ea0   0x08000ea0   0x0000005c   Code   RO         2427    .text.GetTimeOnAir  regioneu868.o
    0x08000efc   0x08000efc   0x00000032   Code   RO          253    .text.GetUniqueId   sys_app.o
    0x08000f2e   0x08000f2e   0x000000a8   Code   RO          594    .text.HAL_ADCEx_Calibration_Start  stm32l0xx_hal_adc_ex.o
    0x08000fd6   0x08000fd6   0x00000002   PAD
    0x08000fd8   0x08000fd8   0x000000bc   Code   RO          576    .text.HAL_ADC_ConfigChannel  stm32l0xx_hal_adc.o
    0x08001094   0x08001094   0x000000ac   Code   RO          532    .text.HAL_ADC_DeInit  stm32l0xx_hal_adc.o
    0x08001140   0x08001140   0x00000006   Code   RO          564    .text.HAL_ADC_GetValue  stm32l0xx_hal_adc.o
    0x08001146   0x08001146   0x00000002   PAD
    0x08001148   0x08001148   0x000001a0   Code   RO          528    .text.HAL_ADC_Init  stm32l0xx_hal_adc.o
    0x080012e8   0x080012e8   0x00000030   Code   RO           63    .text.HAL_ADC_MspDeInit  adc.o
    0x08001318   0x08001318   0x00000020   Code   RO           61    .text.HAL_ADC_MspInit  adc.o
    0x08001338   0x08001338   0x000000c4   Code   RO          546    .text.HAL_ADC_PollForConversion  stm32l0xx_hal_adc.o
    0x080013fc   0x080013fc   0x00000058   Code   RO          540    .text.HAL_ADC_Start  stm32l0xx_hal_adc.o
    0x08001454   0x08001454   0x00000040   Code   RO          544    .text.HAL_ADC_Stop  stm32l0xx_hal_adc.o
    0x08001494   0x08001494   0x0000000c   Code   RO          496    .text.HAL_DBGMCU_DisableDBGSleepMode  stm32l0xx_hal.o
    0x080014a0   0x080014a0   0x0000000c   Code   RO          504    .text.HAL_DBGMCU_DisableDBGStandbyMode  stm32l0xx_hal.o
    0x080014ac   0x080014ac   0x00000010   Code   RO          500    .text.HAL_DBGMCU_DisableDBGStopMode  stm32l0xx_hal.o
    0x080014bc   0x080014bc   0x00000040   Code   RO          668    .text.HAL_DMA_Abort  stm32l0xx_hal_dma.o
    0x080014fc   0x080014fc   0x00000048   Code   RO          670    .text.HAL_DMA_Abort_IT  stm32l0xx_hal_dma.o
    0x08001544   0x08001544   0x00000058   Code   RO          660    .text.HAL_DMA_DeInit  stm32l0xx_hal_dma.o
    0x0800159c   0x0800159c   0x00000096   Code   RO          674    .text.HAL_DMA_IRQHandler  stm32l0xx_hal_dma.o
    0x08001632   0x08001632   0x00000002   PAD
    0x08001634   0x08001634   0x000000a0   Code   RO          658    .text.HAL_DMA_Init  stm32l0xx_hal_dma.o
    0x080016d4   0x080016d4   0x0000005e   Code   RO          666    .text.HAL_DMA_Start_IT  stm32l0xx_hal_dma.o
    0x08001732   0x08001732   0x0000000c   Code   RO          265    .text.HAL_Delay     sys_app.o
    0x0800173e   0x0800173e   0x0000000e   Code   RO          700    .text.HAL_EXTI_GetHandle  stm32l0xx_hal_exti.o
    0x0800174c   0x0800174c   0x00000020   Code   RO          702    .text.HAL_EXTI_IRQHandler  stm32l0xx_hal_exti.o
    0x0800176c   0x0800176c   0x0000000e   Code   RO          698    .text.HAL_EXTI_RegisterCallback  stm32l0xx_hal_exti.o
    0x0800177a   0x0800177a   0x00000002   PAD
    0x0800177c   0x0800177c   0x000000d0   Code   RO          720    .text.HAL_GPIO_DeInit  stm32l0xx_hal_gpio.o
    0x0800184c   0x0800184c   0x00000014   Code   RO           25    .text.HAL_GPIO_EXTI_Callback  lora_app.o
    0x08001860   0x08001860   0x00000018   Code   RO          730    .text.HAL_GPIO_EXTI_IRQHandler  stm32l0xx_hal_gpio.o
    0x08001878   0x08001878   0x00000180   Code   RO          718    .text.HAL_GPIO_Init  stm32l0xx_hal_gpio.o
    0x080019f8   0x080019f8   0x0000000a   Code   RO          722    .text.HAL_GPIO_ReadPin  stm32l0xx_hal_gpio.o
    0x08001a02   0x08001a02   0x0000000e   Code   RO          724    .text.HAL_GPIO_WritePin  stm32l0xx_hal_gpio.o
    0x08001a10   0x08001a10   0x00000008   Code   RO          263    .text.HAL_GetTick   sys_app.o
    0x08001a18   0x08001a18   0x0000000c   Code   RO          488    .text.HAL_GetUIDw0  stm32l0xx_hal.o
    0x08001a24   0x08001a24   0x0000000c   Code   RO          490    .text.HAL_GetUIDw1  stm32l0xx_hal.o
    0x08001a30   0x08001a30   0x0000000c   Code   RO          492    .text.HAL_GetUIDw2  stm32l0xx_hal.o
    0x08001a3c   0x08001a3c   0x00000018   Code   RO          466    .text.HAL_IncTick   stm32l0xx_hal.o
    0x08001a54   0x08001a54   0x00000024   Code   RO          456    .text.HAL_Init      stm32l0xx_hal.o
    0x08001a78   0x08001a78   0x00000004   Code   RO          261    .text.HAL_InitTick  sys_app.o
    0x08001a7c   0x08001a7c   0x00000030   Code   RO          198    .text.HAL_MspInit   stm32l0xx_hal_msp.o
    0x08001aac   0x08001aac   0x00000020   Code   RO          622    .text.HAL_NVIC_DisableIRQ  stm32l0xx_hal_cortex.o
    0x08001acc   0x08001acc   0x00000018   Code   RO          620    .text.HAL_NVIC_EnableIRQ  stm32l0xx_hal_cortex.o
    0x08001ae4   0x08001ae4   0x00000008   Code   RO          616    .text.HAL_NVIC_SetPriority  stm32l0xx_hal_cortex.o
    0x08001aec   0x08001aec   0x00000010   Code   RO          972    .text.HAL_PWREx_EnableFastWakeUp  stm32l0xx_hal_pwr_ex.o
    0x08001afc   0x08001afc   0x00000010   Code   RO          976    .text.HAL_PWREx_EnableUltraLowPower  stm32l0xx_hal_pwr_ex.o
    0x08001b0c   0x08001b0c   0x0000000c   Code   RO          938    .text.HAL_PWR_DisablePVD  stm32l0xx_hal_pwr.o
    0x08001b18   0x08001b18   0x0000004c   Code   RO          944    .text.HAL_PWR_EnterSLEEPMode  stm32l0xx_hal_pwr.o
    0x08001b64   0x08001b64   0x00000058   Code   RO          946    .text.HAL_PWR_EnterSTOPMode  stm32l0xx_hal_pwr.o
    0x08001bbc   0x08001bbc   0x000001bc   Code   RO         1026    .text.HAL_RCCEx_PeriphCLKConfig  stm32l0xx_hal_rcc_ex.o
    0x08001d78   0x08001d78   0x00000198   Code   RO          998    .text.HAL_RCC_ClockConfig  stm32l0xx_hal_rcc.o
    0x08001f10   0x08001f10   0x00000014   Code   RO         1006    .text.HAL_RCC_GetPCLK1Freq  stm32l0xx_hal_rcc.o
    0x08001f24   0x08001f24   0x00000020   Code   RO         1008    .text.HAL_RCC_GetPCLK2Freq  stm32l0xx_hal_rcc.o
    0x08001f44   0x08001f44   0x00000070   Code   RO          996    .text.HAL_RCC_GetSysClockFreq  stm32l0xx_hal_rcc.o
    0x08001fb4   0x08001fb4   0x00000500   Code   RO          994    .text.HAL_RCC_OscConfig  stm32l0xx_hal_rcc.o
    0x080024b4   0x080024b4   0x00000002   Code   RO         1182    .text.HAL_RTCEx_AlarmBEventCallback  stm32l0xx_hal_rtc_ex.o
    0x080024b6   0x080024b6   0x0000000a   Code   RO         1164    .text.HAL_RTCEx_BKUPRead  stm32l0xx_hal_rtc_ex.o
    0x080024c0   0x080024c0   0x0000000a   Code   RO         1162    .text.HAL_RTCEx_BKUPWrite  stm32l0xx_hal_rtc_ex.o
    0x080024ca   0x080024ca   0x00000032   Code   RO         1178    .text.HAL_RTCEx_EnableBypassShadow  stm32l0xx_hal_rtc_ex.o
    0x080024fc   0x080024fc   0x00000008   Code   RO          163    .text.HAL_RTC_AlarmAEventCallback  rtc_if.o
    0x08002504   0x08002504   0x00000060   Code   RO         1104    .text.HAL_RTC_AlarmIRQHandler  stm32l0xx_hal_rtc.o
    0x08002564   0x08002564   0x0000009c   Code   RO         1100    .text.HAL_RTC_DeactivateAlarm  stm32l0xx_hal_rtc.o
    0x08002600   0x08002600   0x00000054   Code   RO         1094    .text.HAL_RTC_GetDate  stm32l0xx_hal_rtc.o
    0x08002654   0x08002654   0x00000060   Code   RO         1088    .text.HAL_RTC_GetTime  stm32l0xx_hal_rtc.o
    0x080026b4   0x080026b4   0x000000b4   Code   RO         1072    .text.HAL_RTC_Init  stm32l0xx_hal_rtc.o
    0x08002768   0x08002768   0x00000060   Code   RO          116    .text.HAL_RTC_MspInit  rtc.o
    0x080027c8   0x080027c8   0x0000017c   Code   RO         1098    .text.HAL_RTC_SetAlarm_IT  stm32l0xx_hal_rtc.o
    0x08002944   0x08002944   0x000000b8   Code   RO         1092    .text.HAL_RTC_SetDate  stm32l0xx_hal_rtc.o
    0x080029fc   0x080029fc   0x000000f8   Code   RO         1084    .text.HAL_RTC_SetTime  stm32l0xx_hal_rtc.o
    0x08002af4   0x08002af4   0x00000034   Code   RO         1078    .text.HAL_RTC_WaitForSynchro  stm32l0xx_hal_rtc.o
    0x08002b28   0x08002b28   0x00000006   Code   RO         1294    .text.HAL_SPI_GetState  stm32l0xx_hal_spi.o
    0x08002b2e   0x08002b2e   0x000000ca   Code   RO         1194    .text.HAL_SPI_Init  stm32l0xx_hal_spi.o
    0x08002bf8   0x08002bf8   0x00000002   Code   RO         1196    .text.HAL_SPI_MspInit  stm32l0xx_hal_spi.o
    0x08002bfa   0x08002bfa   0x00000002   PAD
    0x08002bfc   0x08002bfc   0x00000290   Code   RO         1208    .text.HAL_SPI_TransmitReceive  stm32l0xx_hal_spi.o
    0x08002e8c   0x08002e8c   0x00000022   Code   RO         1719    .text.HAL_UARTEx_EnableStopMode  stm32l0xx_hal_uart_ex.o
    0x08002eae   0x08002eae   0x00000002   Code   RO         1658    .text.HAL_UARTEx_RxEventCallback  stm32l0xx_hal_uart.o
    0x08002eb0   0x08002eb0   0x00000084   Code   RO         1717    .text.HAL_UARTEx_StopModeWakeUpSourceConfig  stm32l0xx_hal_uart_ex.o
    0x08002f34   0x08002f34   0x00000002   Code   RO         1709    .text.HAL_UARTEx_WakeupCallback  stm32l0xx_hal_uart_ex.o
    0x08002f36   0x08002f36   0x00000002   Code   RO         1656    .text.HAL_UART_ErrorCallback  stm32l0xx_hal_uart.o
    0x08002f38   0x08002f38   0x00000278   Code   RO         1652    .text.HAL_UART_IRQHandler  stm32l0xx_hal_uart.o
    0x080031b0   0x080031b0   0x0000006a   Code   RO         1570    .text.HAL_UART_Init  stm32l0xx_hal_uart.o
    0x0800321a   0x0800321a   0x00000002   PAD
    0x0800321c   0x0800321c   0x00000038   Code   RO          306    .text.HAL_UART_MspDeInit  usart.o
    0x08003254   0x08003254   0x00000114   Code   RO          304    .text.HAL_UART_MspInit  usart.o
    0x08003368   0x08003368   0x00000068   Code   RO         1602    .text.HAL_UART_Receive_IT  stm32l0xx_hal_uart.o
    0x080033d0   0x080033d0   0x0000002c   Code   RO          332    .text.HAL_UART_RxCpltCallback  usart_if.o
    0x080033fc   0x080033fc   0x000000a0   Code   RO         1606    .text.HAL_UART_Transmit_DMA  stm32l0xx_hal_uart.o
    0x0800349c   0x0800349c   0x00000010   Code   RO          330    .text.HAL_UART_TxCpltCallback  usart_if.o
    0x080034ac   0x080034ac   0x00000002   Code   RO         1662    .text.HAL_UART_TxHalfCpltCallback  stm32l0xx_hal_uart.o
    0x080034ae   0x080034ae   0x00000002   PAD
    0x080034b0   0x080034b0   0x000000ec   Code   RO         2061    .text.HandleRadioRxErrorTimeout  loramac.o
    0x0800359c   0x0800359c   0x00000002   Code   RO          208    .text.HardFault_Handler  stm32l0xx_it.o
    0x0800359e   0x0800359e   0x00000002   PAD
    0x080035a0   0x080035a0   0x00000204   Code   RO         1833    .text.LmHandlerConfigure  lmhandler.o
    0x080037a4   0x080037a4   0x00000018   Code   RO         1851    .text.LmHandlerDeviceTimeReq  lmhandler.o
    0x080037bc   0x080037bc   0x00000026   Code   RO         1855    .text.LmHandlerGetCurrentClass  lmhandler.o
    0x080037e2   0x080037e2   0x00000002   PAD
    0x080037e4   0x080037e4   0x0000002c   Code   RO         1857    .text.LmHandlerGetTxDatarate  lmhandler.o
    0x08003810   0x08003810   0x00000054   Code   RO         1821    .text.LmHandlerInit  lmhandler.o
    0x08003864   0x08003864   0x0000006c   Code   RO         1839    .text.LmHandlerJoin  lmhandler.o
    0x080038d0   0x080038d0   0x00000020   Code   RO         1837    .text.LmHandlerJoinStatus  lmhandler.o
    0x080038f0   0x080038f0   0x00000050   Code   RO         1831    .text.LmHandlerPackageRegister  lmhandler.o
    0x08003940   0x08003940   0x00000058   Code   RO         1935    .text.LmHandlerPackagesNotify  lmhandler.o
    0x08003998   0x08003998   0x00000040   Code   RO         1841    .text.LmHandlerProcess  lmhandler.o
    0x080039d8   0x080039d8   0x000000a8   Code   RO         1843    .text.LmHandlerRequestClass  lmhandler.o
    0x08003a80   0x08003a80   0x00000130   Code   RO         1847    .text.LmHandlerSend  lmhandler.o
    0x08003bb0   0x08003bb0   0x00000020   Code   RO         1952    .text.LmhpComplianceInit  lmhpcompliance.o
    0x08003bd0   0x08003bd0   0x00000008   Code   RO         1954    .text.LmhpComplianceIsInitialized  lmhpcompliance.o
    0x08003bd8   0x08003bd8   0x00000010   Code   RO         1956    .text.LmhpComplianceIsRunning  lmhpcompliance.o
    0x08003be8   0x08003be8   0x00000024   Code   RO         1960    .text.LmhpComplianceOnMcpsConfirm  lmhpcompliance.o
    0x08003c0c   0x08003c0c   0x00000200   Code   RO         1962    .text.LmhpComplianceOnMcpsIndication  lmhpcompliance.o
    0x08003e0c   0x08003e0c   0x00000024   Code   RO         1964    .text.LmhpComplianceOnMlmeConfirm  lmhpcompliance.o
    0x08003e30   0x08003e30   0x00000004   Code   RO         1950    .text.LmhpCompliancePackageFactory  lmhpcompliance.o
    0x08003e34   0x08003e34   0x00000002   Code   RO         1958    .text.LmhpComplianceProcess  lmhpcompliance.o
    0x08003e36   0x08003e36   0x00000002   PAD
    0x08003e38   0x08003e38   0x0000007c   Code   RO         1968    .text.LmhpComplianceTxProcess  lmhpcompliance.o
    0x08003eb4   0x08003eb4   0x000000d8   Code   RO         2080    .text.LoRaMacAdrCalcNext  loramacadr.o
    0x08003f8c   0x08003f8c   0x00000004   Code   RO         2138    .text.LoRaMacClassBBeaconFreqReq  loramacclassb.o
    0x08003f90   0x08003f90   0x00000002   Code   RO         2100    .text.LoRaMacClassBBeaconTimerEvent  loramacclassb.o
    0x08003f92   0x08003f92   0x00000002   Code   RO         2134    .text.LoRaMacClassBBeaconTimingAns  loramacclassb.o
    0x08003f94   0x08003f94   0x00000002   Code   RO         2136    .text.LoRaMacClassBDeviceTimeAns  loramacclassb.o
    0x08003f96   0x08003f96   0x00000002   Code   RO         2120    .text.LoRaMacClassBHaltBeaconing  loramacclassb.o
    0x08003f98   0x08003f98   0x00000002   Code   RO         2090    .text.LoRaMacClassBInit  loramacclassb.o
    0x08003f9a   0x08003f9a   0x00000004   Code   RO         2098    .text.LoRaMacClassBIsAcquisitionInProgress  loramacclassb.o
    0x08003f9e   0x08003f9e   0x00000004   Code   RO         2108    .text.LoRaMacClassBIsBeaconExpected  loramacclassb.o
    0x08003fa2   0x08003fa2   0x00000004   Code   RO         2116    .text.LoRaMacClassBIsBeaconModeActive  loramacclassb.o
    0x08003fa6   0x08003fa6   0x00000004   Code   RO         2112    .text.LoRaMacClassBIsMulticastExpected  loramacclassb.o
    0x08003faa   0x08003faa   0x00000004   Code   RO         2110    .text.LoRaMacClassBIsPingExpected  loramacclassb.o
    0x08003fae   0x08003fae   0x00000004   Code   RO         2140    .text.LoRaMacClassBIsUplinkCollision  loramacclassb.o
    0x08003fb2   0x08003fb2   0x00000004   Code   RO         2126    .text.LoRaMacClassBMibGetRequestConfirm  loramacclassb.o
    0x08003fb6   0x08003fb6   0x00000002   Code   RO         2104    .text.LoRaMacClassBMulticastSlotTimerEvent  loramacclassb.o
    0x08003fb8   0x08003fb8   0x00000004   Code   RO         2132    .text.LoRaMacClassBPingSlotChannelReq  loramacclassb.o
    0x08003fbc   0x08003fbc   0x00000002   Code   RO         2130    .text.LoRaMacClassBPingSlotInfoAns  loramacclassb.o
    0x08003fbe   0x08003fbe   0x00000002   Code   RO         2102    .text.LoRaMacClassBPingSlotTimerEvent  loramacclassb.o
    0x08003fc0   0x08003fc0   0x00000002   Code   RO         2148    .text.LoRaMacClassBProcess  loramacclassb.o
    0x08003fc2   0x08003fc2   0x00000002   Code   RO         2122    .text.LoRaMacClassBResumeBeaconing  loramacclassb.o
    0x08003fc4   0x08003fc4   0x00000004   Code   RO         2106    .text.LoRaMacClassBRxBeacon  loramacclassb.o
    0x08003fc8   0x08003fc8   0x00000002   Code   RO         2092    .text.LoRaMacClassBSetBeaconState  loramacclassb.o
    0x08003fca   0x08003fca   0x00000002   Code   RO         2096    .text.LoRaMacClassBSetMulticastSlotState  loramacclassb.o
    0x08003fcc   0x08003fcc   0x00000002   Code   RO         2118    .text.LoRaMacClassBSetPingSlotInfo  loramacclassb.o
    0x08003fce   0x08003fce   0x00000002   Code   RO         2094    .text.LoRaMacClassBSetPingSlotState  loramacclassb.o
    0x08003fd0   0x08003fd0   0x00000002   Code   RO         2142    .text.LoRaMacClassBStopRxSlots  loramacclassb.o
    0x08003fd2   0x08003fd2   0x00000004   Code   RO         2124    .text.LoRaMacClassBSwitchClass  loramacclassb.o
    0x08003fd6   0x08003fd6   0x00000002   PAD
    0x08003fd8   0x08003fd8   0x00000090   Code   RO         2160    .text.LoRaMacCommandsAddCmd  loramaccommands.o
    0x08004068   0x08004068   0x0000003a   Code   RO         2176    .text.LoRaMacCommandsGetCmdSize  loramaccommands.o
    0x080040a2   0x080040a2   0x00000002   PAD
    0x080040a4   0x080040a4   0x00000014   Code   RO         2170    .text.LoRaMacCommandsGetSizeSerializedCmds  loramaccommands.o
    0x080040b8   0x080040b8   0x00000018   Code   RO         2158    .text.LoRaMacCommandsInit  loramaccommands.o
    0x080040d0   0x080040d0   0x00000054   Code   RO         2162    .text.LoRaMacCommandsRemoveCmd  loramaccommands.o
    0x08004124   0x08004124   0x00000020   Code   RO         2166    .text.LoRaMacCommandsRemoveNoneStickyCmds  loramaccommands.o
    0x08004144   0x08004144   0x0000002c   Code   RO         2168    .text.LoRaMacCommandsRemoveStickyAnsCmds  loramaccommands.o
    0x08004170   0x08004170   0x0000005c   Code   RO         2172    .text.LoRaMacCommandsSerializeCmds  loramaccommands.o
    0x080041cc   0x080041cc   0x00000028   Code   RO         2174    .text.LoRaMacCommandsStickyCmdsPending  loramaccommands.o
    0x080041f4   0x080041f4   0x0000003c   Code   RO         2189    .text.LoRaMacConfirmQueueAdd  loramacconfirmqueue.o
    0x08004230   0x08004230   0x00000008   Code   RO         2209    .text.LoRaMacConfirmQueueGetCnt  loramacconfirmqueue.o
    0x08004238   0x08004238   0x00000020   Code   RO         2199    .text.LoRaMacConfirmQueueGetStatus  loramacconfirmqueue.o
    0x08004258   0x08004258   0x00000050   Code   RO         2207    .text.LoRaMacConfirmQueueHandleCb  loramacconfirmqueue.o
    0x080042a8   0x080042a8   0x00000028   Code   RO         2187    .text.LoRaMacConfirmQueueInit  loramacconfirmqueue.o
    0x080042d0   0x080042d0   0x00000010   Code   RO         2205    .text.LoRaMacConfirmQueueIsCmdActive  loramacconfirmqueue.o
    0x080042e0   0x080042e0   0x00000014   Code   RO         2211    .text.LoRaMacConfirmQueueIsFull  loramacconfirmqueue.o
    0x080042f4   0x080042f4   0x0000002c   Code   RO         2193    .text.LoRaMacConfirmQueueRemoveFirst  loramacconfirmqueue.o
    0x08004320   0x08004320   0x00000024   Code   RO         2195    .text.LoRaMacConfirmQueueSetStatus  loramacconfirmqueue.o
    0x08004344   0x08004344   0x0000003c   Code   RO         2201    .text.LoRaMacConfirmQueueSetStatusCmn  loramacconfirmqueue.o
    0x08004380   0x08004380   0x00000028   Code   RO         2238    .text.LoRaMacCryptoDeriveMcKEKey  loramaccrypto.o
    0x080043a8   0x080043a8   0x00000032   Code   RO         2236    .text.LoRaMacCryptoDeriveMcRootKey  loramaccrypto.o
    0x080043da   0x080043da   0x00000002   PAD
    0x080043dc   0x080043dc   0x00000070   Code   RO         2228    .text.LoRaMacCryptoGetFCntDown  loramaccrypto.o
    0x0800444c   0x0800444c   0x00000018   Code   RO         2226    .text.LoRaMacCryptoGetFCntUp  loramaccrypto.o
    0x08004464   0x08004464   0x000000d8   Code   RO         2242    .text.LoRaMacCryptoHandleJoinAccept  loramaccrypto.o
    0x0800453c   0x0800453c   0x00000034   Code   RO         2222    .text.LoRaMacCryptoInit  loramaccrypto.o
    0x08004570   0x08004570   0x00000054   Code   RO         2240    .text.LoRaMacCryptoPrepareJoinRequest  loramaccrypto.o
    0x080045c4   0x080045c4   0x000000b8   Code   RO         2246    .text.LoRaMacCryptoSecureMessage  loramaccrypto.o
    0x0800467c   0x0800467c   0x00000034   Code   RO         2234    .text.LoRaMacCryptoSetKey  loramaccrypto.o
    0x080046b0   0x080046b0   0x0000000c   Code   RO         2224    .text.LoRaMacCryptoSetLrWanVersion  loramaccrypto.o
    0x080046bc   0x080046bc   0x00000018   Code   RO         2232    .text.LoRaMacCryptoSetMulticastReference  loramaccrypto.o
    0x080046d4   0x080046d4   0x00000130   Code   RO         2250    .text.LoRaMacCryptoUnsecureMessage  loramaccrypto.o
    0x08004804   0x08004804   0x000003a8   Code   RO         2001    .text.LoRaMacInitialization  loramac.o
    0x08004bac   0x08004bac   0x0000001c   Code   RO         1995    .text.LoRaMacIsBusy  loramac.o
    0x08004bc8   0x08004bc8   0x00000390   Code   RO         2051    .text.LoRaMacMcpsRequest  loramac.o
    0x08004f58   0x08004f58   0x00000004   Code   RO         2128    .text.LoRaMacMibClassBSetRequestConfirm  loramacclassb.o
    0x08004f5c   0x08004f5c   0x00000130   Code   RO         2031    .text.LoRaMacMibGetRequestConfirm  loramac.o
    0x0800508c   0x0800508c   0x00000494   Code   RO         2033    .text.LoRaMacMibSetRequestConfirm  loramac.o
    0x08005520   0x08005520   0x0000022c   Code   RO         2049    .text.LoRaMacMlmeRequest  loramac.o
    0x0800574c   0x0800574c   0x000000ae   Code   RO         2270    .text.LoRaMacParserData  loramacparser.o
    0x080057fa   0x080057fa   0x0000009e   Code   RO         2268    .text.LoRaMacParserJoinAccept  loramacparser.o
    0x08005898   0x08005898   0x00000b10   Code   RO         1997    .text.LoRaMacProcess  loramac.o
    0x080063a8   0x080063a8   0x000000ac   Code   RO         2027    .text.LoRaMacQueryTxPossible  loramac.o
    0x08006454   0x08006454   0x000000ca   Code   RO         2286    .text.LoRaMacSerializerData  loramacserializer.o
    0x0800651e   0x0800651e   0x00000068   Code   RO         2280    .text.LoRaMacSerializerJoinRequest  loramacserializer.o
    0x08006586   0x08006586   0x00000002   PAD
    0x08006588   0x08006588   0x00000010   Code   RO         2023    .text.LoRaMacStart  loramac.o
    0x08006598   0x08006598   0x00000024   Code   RO         2053    .text.LoRaMacTestSetDutyCycleOn  loramac.o
    0x080065bc   0x080065bc   0x00000188   Code   RO           13    .text.LoRaWAN_Init  lora_app.o
    0x08006744   0x08006744   0x00000004   Code   RO           49    .text.LoraInfo_GetPtr  lora_info.o
    0x08006748   0x08006748   0x00000018   Code   RO           47    .text.LoraInfo_Init  lora_info.o
    0x08006760   0x08006760   0x00000054   Code   RO           59    .text.MX_ADC_Init   adc.o
    0x080067b4   0x080067b4   0x0000002c   Code   RO           92    .text.MX_DMA_Init   dma.o
    0x080067e0   0x080067e0   0x0000000c   Code   RO            2    .text.MX_LoRaWAN_Init  app_lorawan.o
    0x080067ec   0x080067ec   0x0000000c   Code   RO            4    .text.MX_LoRaWAN_Process  app_lorawan.o
    0x080067f8   0x080067f8   0x000000b4   Code   RO          114    .text.MX_RTC_Init   rtc.o
    0x080068ac   0x080068ac   0x0000005c   Code   RO          356    .text.MX_SPI1_Init  nucleo_l053r8_bus.o
    0x08006908   0x08006908   0x00000034   Code   RO          302    .text.MX_USART2_UART_Init  usart.o
    0x0800693c   0x0800693c   0x00000038   Code   RO         1823    .text.McpsConfirm   lmhandler.o
    0x08006974   0x08006974   0x00000088   Code   RO         1825    .text.McpsIndication  lmhandler.o
    0x080069fc   0x080069fc   0x00000070   Code   RO         1827    .text.MlmeConfirm   lmhandler.o
    0x08006a6c   0x08006a6c   0x00000058   Code   RO         1829    .text.MlmeIndication  lmhandler.o
    0x08006ac4   0x08006ac4   0x00000002   Code   RO          206    .text.NMI_Handler   stm32l0xx_it.o
    0x08006ac6   0x08006ac6   0x00000002   Code   RO         1980    .text.NvmDataMgmtEvent  nvmdatamgmt.o
    0x08006ac8   0x08006ac8   0x00000004   Code   RO         1984    .text.NvmDataMgmtRestore  nvmdatamgmt.o
    0x08006acc   0x08006acc   0x00000004   Code   RO         1982    .text.NvmDataMgmtStore  nvmdatamgmt.o
    0x08006ad0   0x08006ad0   0x00000050   Code   RO         2011    .text.OnAckTimeoutTimerEvent  loramac.o
    0x08006b20   0x08006b20   0x00000008   Code   RO         1966    .text.OnComplianceTxNextPacketTimerEvent  lmhpcompliance.o
    0x08006b28   0x08006b28   0x000000b8   Code   RO           29    .text.OnJoinRequest  lora_app.o
    0x08006be0   0x08006be0   0x00000002   Code   RO           19    .text.OnJoinTimerLedEvent  lora_app.o
    0x08006be2   0x08006be2   0x0000000c   Code   RO           27    .text.OnMacProcessNotify  lora_app.o
    0x08006bee   0x08006bee   0x00000002   PAD
    0x08006bf0   0x08006bf0   0x00000060   Code   RO         2015    .text.OnRadioRxDone  loramac.o
    0x08006c50   0x08006c50   0x00000024   Code   RO         2017    .text.OnRadioRxError  loramac.o
    0x08006c74   0x08006c74   0x00000048   Code   RO         2021    .text.OnRadioRxTimeout  loramac.o
    0x08006cbc   0x08006cbc   0x00000060   Code   RO         2013    .text.OnRadioTxDone  loramac.o
    0x08006d1c   0x08006d1c   0x00000048   Code   RO         2019    .text.OnRadioTxTimeout  loramac.o
    0x08006d64   0x08006d64   0x00000124   Code   RO           33    .text.OnRxData      lora_app.o
    0x08006e88   0x08006e88   0x00000002   Code   RO           17    .text.OnRxTimerLedEvent  lora_app.o
    0x08006e8a   0x08006e8a   0x00000002   PAD
    0x08006e8c   0x08006e8c   0x0000003c   Code   RO         2007    .text.OnRxWindow1TimerEvent  loramac.o
    0x08006ec8   0x08006ec8   0x00000048   Code   RO         2009    .text.OnRxWindow2TimerEvent  loramac.o
    0x08006f10   0x08006f10   0x0000011c   Code   RO           31    .text.OnTxData      lora_app.o
    0x0800702c   0x0800702c   0x0000005c   Code   RO         2005    .text.OnTxDelayedTimerEvent  loramac.o
    0x08007088   0x08007088   0x00000018   Code   RO           23    .text.OnTxTimerEvent  lora_app.o
    0x080070a0   0x080070a0   0x00000002   Code   RO           15    .text.OnTxTimerLedEvent  lora_app.o
    0x080070a2   0x080070a2   0x00000002   PAD
    0x080070a4   0x080070a4   0x00000068   Code   RO         1999    .text.OpenContinuousRxCWindow  loramac.o
    0x0800710c   0x0800710c   0x00000002   Code   RO          185    .text.PWR_EnterOffMode  stm32_lpm_if.o
    0x0800710e   0x0800710e   0x0000000c   Code   RO          177    .text.PWR_EnterSleepMode  stm32_lpm_if.o
    0x0800711a   0x0800711a   0x00000002   PAD
    0x0800711c   0x0800711c   0x00000038   Code   RO          181    .text.PWR_EnterStopMode  stm32_lpm_if.o
    0x08007154   0x08007154   0x00000002   Code   RO          187    .text.PWR_ExitOffMode  stm32_lpm_if.o
    0x08007156   0x08007156   0x00000002   Code   RO          179    .text.PWR_ExitSleepMode  stm32_lpm_if.o
    0x08007158   0x08007158   0x0000004c   Code   RO          183    .text.PWR_ExitStopMode  stm32_lpm_if.o
    0x080071a4   0x080071a4   0x000000be   Code   RO         2248    .text.PayloadEncrypt  loramaccrypto.o
    0x08007262   0x08007262   0x00000002   Code   RO          220    .text.PendSV_Handler  stm32l0xx_it.o
    0x08007264   0x08007264   0x0000003a   Code   RO         2256    .text.PrepareB0     loramaccrypto.o
    0x0800729e   0x0800729e   0x00000002   PAD
    0x080072a0   0x080072a0   0x0000004c   Code   RO         2057    .text.PrepareRxDoneAbort  loramac.o
    0x080072ec   0x080072ec   0x00000174   Code   RO         1776    .text.PrintKey      soft-se.o
    0x08007460   0x08007460   0x00000518   Code   RO         2059    .text.ProcessMacCommands  loramac.o
    0x08007978   0x08007978   0x00000026   Code   RO         1086    .text.RTC_ByteToBcd2  stm32l0xx_hal_rtc.o
    0x0800799e   0x0800799e   0x00000002   PAD
    0x080079a0   0x080079a0   0x00000038   Code   RO         1076    .text.RTC_EnterInitMode  stm32l0xx_hal_rtc.o
    0x080079d8   0x080079d8   0x000000a8   Code   RO          159    .text.RTC_GetCalendarValue  rtc_if.o
    0x08007a80   0x08007a80   0x0000000c   Code   RO          151    .text.RTC_IF_BkUp_Read_Seconds  rtc_if.o
    0x08007a8c   0x08007a8c   0x0000000c   Code   RO          155    .text.RTC_IF_BkUp_Read_SubSeconds  rtc_if.o
    0x08007a98   0x08007a98   0x00000010   Code   RO          149    .text.RTC_IF_BkUp_Write_Seconds  rtc_if.o
    0x08007aa8   0x08007aa8   0x00000010   Code   RO          153    .text.RTC_IF_BkUp_Write_SubSeconds  rtc_if.o
    0x08007ab8   0x08007ab8   0x00000014   Code   RO          147    .text.RTC_IF_Convert_Tick2ms  rtc_if.o
    0x08007acc   0x08007acc   0x00000012   Code   RO          145    .text.RTC_IF_Convert_ms2Tick  rtc_if.o
    0x08007ade   0x08007ade   0x00000028   Code   RO          161    .text.RTC_IF_DelayMs  rtc_if.o
    0x08007b06   0x08007b06   0x00000004   Code   RO          143    .text.RTC_IF_GetMinimumTimeout  rtc_if.o
    0x08007b0a   0x08007b0a   0x00000002   PAD
    0x08007b0c   0x08007b0c   0x00000020   Code   RO          157    .text.RTC_IF_GetTime  rtc_if.o
    0x08007b2c   0x08007b2c   0x00000008   Code   RO          137    .text.RTC_IF_GetTimerContext  rtc_if.o
    0x08007b34   0x08007b34   0x00000014   Code   RO          139    .text.RTC_IF_GetTimerElapsedTime  rtc_if.o
    0x08007b48   0x08007b48   0x0000001c   Code   RO          141    .text.RTC_IF_GetTimerValue  rtc_if.o
    0x08007b64   0x08007b64   0x00000048   Code   RO          129    .text.RTC_IF_Init   rtc_if.o
    0x08007bac   0x08007bac   0x00000014   Code   RO          135    .text.RTC_IF_SetTimerContext  rtc_if.o
    0x08007bc0   0x08007bc0   0x000001a4   Code   RO          131    .text.RTC_IF_StartTimer  rtc_if.o
    0x08007d64   0x08007d64   0x00000020   Code   RO          133    .text.RTC_IF_StopTimer  rtc_if.o
    0x08007d84   0x08007d84   0x00000010   Code   RO          234    .text.RTC_IRQHandler  stm32l0xx_it.o
    0x08007d94   0x08007d94   0x00000014   Code   RO         2326    .text.RegionAlternateDr  region.o
    0x08007da8   0x08007da8   0x0000000e   Code   RO         2306    .text.RegionApplyCFList  region.o
    0x08007db6   0x08007db6   0x00000016   Code   RO         2336    .text.RegionApplyDrOffset  region.o
    0x08007dcc   0x08007dcc   0x00000012   Code   RO         2308    .text.RegionChanMaskSet  region.o
    0x08007dde   0x08007dde   0x00000026   Code   RO         2354    .text.RegionCommonChanDisable  regioncommon.o
    0x08007e04   0x08007e04   0x0000001a   Code   RO         2358    .text.RegionCommonChanMaskCopy  regioncommon.o
    0x08007e1e   0x08007e1e   0x0000006c   Code   RO         2350    .text.RegionCommonChanVerifyDr  regioncommon.o
    0x08007e8a   0x08007e8a   0x00000002   PAD
    0x08007e8c   0x08007e8c   0x0000007c   Code   RO         2374    .text.RegionCommonComputeRxWindowParameters  regioncommon.o
    0x08007f08   0x08007f08   0x0000000e   Code   RO         2372    .text.RegionCommonComputeSymbolTimeFsk  regioncommon.o
    0x08007f16   0x08007f16   0x00000002   PAD
    0x08007f18   0x08007f18   0x00000014   Code   RO         2370    .text.RegionCommonComputeSymbolTimeLoRa  regioncommon.o
    0x08007f2c   0x08007f2c   0x00000024   Code   RO         2376    .text.RegionCommonComputeTxPower  regioncommon.o
    0x08007f50   0x08007f50   0x00000032   Code   RO         2356    .text.RegionCommonCountChannels  regioncommon.o
    0x08007f82   0x08007f82   0x000000bc   Code   RO         2380    .text.RegionCommonCountNbOfEnabledChannels  regioncommon.o
    0x0800803e   0x0800803e   0x00000002   PAD
    0x08008040   0x08008040   0x00000020   Code   RO         2388    .text.RegionCommonGetBandwidth  regioncommon.o
    0x08008060   0x08008060   0x00000036   Code   RO         2384    .text.RegionCommonGetNextLowerTxDr  regioncommon.o
    0x08008096   0x08008096   0x00000098   Code   RO         2382    .text.RegionCommonIdentifyChannels  regioncommon.o
    0x0800812e   0x0800812e   0x00000008   Code   RO         2386    .text.RegionCommonLimitTxPower  regioncommon.o
    0x08008136   0x08008136   0x0000009c   Code   RO         2368    .text.RegionCommonLinkAdrReqVerifyParams  regioncommon.o
    0x080081d2   0x080081d2   0x00000034   Code   RO         2366    .text.RegionCommonParseLinkAdrReq  regioncommon.o
    0x08008206   0x08008206   0x00000002   PAD
    0x08008208   0x08008208   0x00000084   Code   RO         2390    .text.RegionCommonRxConfigPrint  regioncommon.o
    0x0800828c   0x0800828c   0x00000020   Code   RO         2360    .text.RegionCommonSetBandTxDone  regioncommon.o
    0x080082ac   0x080082ac   0x00000030   Code   RO         2392    .text.RegionCommonTxConfigPrint  regioncommon.o
    0x080082dc   0x080082dc   0x000001e4   Code   RO         2364    .text.RegionCommonUpdateBandTimeOff  regioncommon.o
    0x080084c0   0x080084c0   0x0000001a   Code   RO         2352    .text.RegionCommonValueInRange  regioncommon.o
    0x080084da   0x080084da   0x00000016   Code   RO         2310    .text.RegionComputeRxWindowParameters  region.o
    0x080084f0   0x080084f0   0x00000012   Code   RO         2324    .text.RegionDlChannelReq  region.o
    0x08008502   0x08008502   0x00000002   Code   RO         2439    .text.RegionEU868AlternateDr  regioneu868.o
    0x08008504   0x08008504   0x00000074   Code   RO         2413    .text.RegionEU868ApplyCFList  regioneu868.o
    0x08008578   0x08008578   0x0000000e   Code   RO         2445    .text.RegionEU868ApplyDrOffset  regioneu868.o
    0x08008586   0x08008586   0x00000002   PAD
    0x08008588   0x08008588   0x00000030   Code   RO         2419    .text.RegionEU868ChanMaskSet  regioneu868.o
    0x080085b8   0x080085b8   0x000000b8   Code   RO         2415    .text.RegionEU868ChannelAdd  regioneu868.o
    0x08008670   0x08008670   0x00000028   Code   RO         2417    .text.RegionEU868ChannelsRemove  regioneu868.o
    0x08008698   0x08008698   0x00000058   Code   RO         2421    .text.RegionEU868ComputeRxWindowParameters  regioneu868.o
    0x080086f0   0x080086f0   0x0000003c   Code   RO         2437    .text.RegionEU868DlChannelReq  regioneu868.o
    0x0800872c   0x0800872c   0x00000128   Code   RO         2403    .text.RegionEU868GetPhyParam  regioneu868.o
    0x08008854   0x08008854   0x000000bc   Code   RO         2407    .text.RegionEU868InitDefaults  regioneu868.o
    0x08008910   0x08008910   0x00000118   Code   RO         2429    .text.RegionEU868LinkAdrReq  regioneu868.o
    0x08008a28   0x08008a28   0x00000050   Code   RO         2433    .text.RegionEU868NewChannelReq  regioneu868.o
    0x08008a78   0x08008a78   0x000000cc   Code   RO         2441    .text.RegionEU868NextChannel  regioneu868.o
    0x08008b44   0x08008b44   0x00000100   Code   RO         2423    .text.RegionEU868RxConfig  regioneu868.o
    0x08008c44   0x08008c44   0x00000044   Code   RO         2431    .text.RegionEU868RxParamSetupReq  regioneu868.o
    0x08008c88   0x08008c88   0x0000002c   Code   RO         2405    .text.RegionEU868SetBandTxDone  regioneu868.o
    0x08008cb4   0x08008cb4   0x00000048   Code   RO         2443    .text.RegionEU868SetContinuousWave  regioneu868.o
    0x08008cfc   0x08008cfc   0x0000010c   Code   RO         2425    .text.RegionEU868TxConfig  regioneu868.o
    0x08008e08   0x08008e08   0x00000006   Code   RO         2435    .text.RegionEU868TxParamSetupReq  regioneu868.o
    0x08008e0e   0x08008e0e   0x00000002   PAD
    0x08008e10   0x08008e10   0x00000052   Code   RO         2409    .text.RegionEU868Verify  regioneu868.o
    0x08008e62   0x08008e62   0x00000012   Code   RO         2298    .text.RegionGetPhyParam  region.o
    0x08008e74   0x08008e74   0x00000008   Code   RO         2340    .text.RegionGetVersion  region.o
    0x08008e7c   0x08008e7c   0x0000000e   Code   RO         2302    .text.RegionInitDefaults  region.o
    0x08008e8a   0x08008e8a   0x00000008   Code   RO         2296    .text.RegionIsActive  region.o
    0x08008e92   0x08008e92   0x0000001e   Code   RO         2316    .text.RegionLinkAdrReq  region.o
    0x08008eb0   0x08008eb0   0x00000012   Code   RO         2320    .text.RegionNewChannelReq  region.o
    0x08008ec2   0x08008ec2   0x0000001a   Code   RO         2328    .text.RegionNextChannel  region.o
    0x08008edc   0x08008edc   0x00000014   Code   RO         2312    .text.RegionRxConfig  region.o
    0x08008ef0   0x08008ef0   0x00000012   Code   RO         2318    .text.RegionRxParamSetupReq  region.o
    0x08008f02   0x08008f02   0x0000000e   Code   RO         2300    .text.RegionSetBandTxDone  region.o
    0x08008f10   0x08008f10   0x0000000e   Code   RO         2334    .text.RegionSetContinuousWave  region.o
    0x08008f1e   0x08008f1e   0x00000016   Code   RO         2314    .text.RegionTxConfig  region.o
    0x08008f34   0x08008f34   0x00000012   Code   RO         2322    .text.RegionTxParamSetupReq  region.o
    0x08008f46   0x08008f46   0x00000014   Code   RO         2304    .text.RegionVerify  region.o
    0x08008f5a   0x08008f5a   0x00000002   PAD
    0x08008f5c   0x08008f5c   0x00000144   Code   RO         2003    .text.ResetMacParameters  loramac.o
    0x080090a0   0x080090a0   0x00000090   Code   RO         2548    .text.RxChainCalibration  sx1276.o
    0x08009130   0x08009130   0x00000044   Code   RO         2067    .text.RxWindowSetup  loramac.o
    0x08009174   0x08009174   0x0000003c   Code   RO         2677    .text.SEQ_BitPosition  stm32_seq.o
    0x080091b0   0x080091b0   0x00000064   Code   RO         1204    .text.SPI_EndRxTxTransaction  stm32l0xx_hal_spi.o
    0x08009214   0x08009214   0x000000c4   Code   RO         1210    .text.SPI_WaitFlagStateUntilTimeout  stm32l0xx_hal_spi.o
    0x080092d8   0x080092d8   0x00000002   Code   RO          216    .text.SVC_Handler   stm32l0xx_it.o
    0x080092da   0x080092da   0x00000002   PAD
    0x080092dc   0x080092dc   0x00000030   Code   RO         2552    .text.SX1276ConvertFreqInHzToPllStep  sx1276.o
    0x0800930c   0x0800930c   0x00000008   Code   RO         2492    .text.SX1276GetStatus  sx1276.o
    0x08009314   0x08009314   0x00000110   Code   RO         2506    .text.SX1276GetTimeOnAir  sx1276.o
    0x08009424   0x08009424   0x0000000a   Code   RO         2534    .text.SX1276GetWakeupTime  sx1276.o
    0x0800942e   0x0800942e   0x00000002   PAD
    0x08009430   0x08009430   0x00000098   Code   RO         2490    .text.SX1276Init    sx1276.o
    0x080094c8   0x080094c8   0x00000068   Code   RO         2498    .text.SX1276IsChannelFree  sx1276.o
    0x08009530   0x08009530   0x00000008   Code   RO          419    .text.SX1276MB1MAS_RADIO_Bus_Init  sx1276mb1mas.o
    0x08009538   0x08009538   0x00000004   Code   RO          415    .text.SX1276MB1MAS_RADIO_CheckRfFrequency  sx1276mb1mas.o
    0x0800953c   0x0800953c   0x00000014   Code   RO          425    .text.SX1276MB1MAS_RADIO_ChipSelect  sx1276mb1mas.o
    0x08009550   0x08009550   0x0000000c   Code   RO          427    .text.SX1276MB1MAS_RADIO_GetDio1PinState  sx1276mb1mas.o
    0x0800955c   0x0800955c   0x00000014   Code   RO          411    .text.SX1276MB1MAS_RADIO_GetPaSelect  sx1276mb1mas.o
    0x08009570   0x08009570   0x00000004   Code   RO          399    .text.SX1276MB1MAS_RADIO_GetWakeUpTime  sx1276mb1mas.o
    0x08009574   0x08009574   0x0000008c   Code   RO          405    .text.SX1276MB1MAS_RADIO_IoDeInit  sx1276mb1mas.o
    0x08009600   0x08009600   0x00000184   Code   RO          403    .text.SX1276MB1MAS_RADIO_IoInit  sx1276mb1mas.o
    0x08009784   0x08009784   0x0000006c   Code   RO          407    .text.SX1276MB1MAS_RADIO_IoIrqInit  sx1276mb1mas.o
    0x080097f0   0x080097f0   0x00000046   Code   RO          417    .text.SX1276MB1MAS_RADIO_Reset  sx1276mb1mas.o
    0x08009836   0x08009836   0x00000016   Code   RO          423    .text.SX1276MB1MAS_RADIO_SendRecv  sx1276mb1mas.o
    0x0800984c   0x0800984c   0x00000030   Code   RO          413    .text.SX1276MB1MAS_RADIO_SetAntSw  sx1276mb1mas.o
    0x0800987c   0x0800987c   0x00000002   Code   RO          401    .text.SX1276MB1MAS_RADIO_SetXO  sx1276mb1mas.o
    0x0800987e   0x0800987e   0x00000002   PAD
    0x08009880   0x08009880   0x0000022c   Code   RO         2536    .text.SX1276OnDio0Irq  sx1276.o
    0x08009aac   0x08009aac   0x000000ec   Code   RO         2538    .text.SX1276OnDio1Irq  sx1276.o
    0x08009b98   0x08009b98   0x000000a4   Code   RO         2540    .text.SX1276OnDio2Irq  sx1276.o
    0x08009c3c   0x08009c3c   0x00000050   Code   RO         2542    .text.SX1276OnDio3Irq  sx1276.o
    0x08009c8c   0x08009c8c   0x00000014   Code   RO         2544    .text.SX1276OnDio4Irq  sx1276.o
    0x08009ca0   0x08009ca0   0x000000b4   Code   RO         2546    .text.SX1276OnTimeoutIrq  sx1276.o
    0x08009d54   0x08009d54   0x0000003e   Code   RO         2500    .text.SX1276Random  sx1276.o
    0x08009d92   0x08009d92   0x00000010   Code   RO         2524    .text.SX1276Read    sx1276.o
    0x08009da2   0x08009da2   0x00000032   Code   RO         2528    .text.SX1276ReadBuffer  sx1276.o
    0x08009dd4   0x08009dd4   0x0000000e   Code   RO         2558    .text.SX1276ReadFifo  sx1276.o
    0x08009de2   0x08009de2   0x00000002   PAD
    0x08009de4   0x08009de4   0x00000040   Code   RO         2520    .text.SX1276ReadRssi  sx1276.o
    0x08009e24   0x08009e24   0x00000174   Code   RO         2508    .text.SX1276Send    sx1276.o
    0x08009f98   0x08009f98   0x00000028   Code   RO         2496    .text.SX1276SetChannel  sx1276.o
    0x08009fc0   0x08009fc0   0x00000030   Code   RO         2530    .text.SX1276SetMaxPayloadLength  sx1276.o
    0x08009ff0   0x08009ff0   0x00000058   Code   RO         2494    .text.SX1276SetModem  sx1276.o
    0x0800a048   0x0800a048   0x00000080   Code   RO         2550    .text.SX1276SetOpMode  sx1276.o
    0x0800a0c8   0x0800a0c8   0x00000028   Code   RO         2532    .text.SX1276SetPublicNetwork  sx1276.o
    0x0800a0f0   0x0800a0f0   0x00000214   Code   RO         2514    .text.SX1276SetRx   sx1276.o
    0x0800a304   0x0800a304   0x000002a4   Code   RO         2502    .text.SX1276SetRxConfig  sx1276.o
    0x0800a5a8   0x0800a5a8   0x0000002c   Code   RO         2510    .text.SX1276SetSleep  sx1276.o
    0x0800a5d4   0x0800a5d4   0x00000030   Code   RO         2512    .text.SX1276SetStby  sx1276.o
    0x0800a604   0x0800a604   0x000002e4   Code   RO         2504    .text.SX1276SetTxConfig  sx1276.o
    0x0800a8e8   0x0800a8e8   0x00000080   Code   RO         2518    .text.SX1276SetTxContinuousWave  sx1276.o
    0x0800a968   0x0800a968   0x00000034   Code   RO         2516    .text.SX1276StartCad  sx1276.o
    0x0800a99c   0x0800a99c   0x00000010   Code   RO         2522    .text.SX1276Write   sx1276.o
    0x0800a9ac   0x0800a9ac   0x00000030   Code   RO         2526    .text.SX1276WriteBuffer  sx1276.o
    0x0800a9dc   0x0800a9dc   0x0000000e   Code   RO         2556    .text.SX1276WriteFifo  sx1276.o
    0x0800a9ea   0x0800a9ea   0x00000002   PAD
    0x0800a9ec   0x0800a9ec   0x0000002c   Code   RO           80    .text.SYS_GetBatteryLevel  adc_if.o
    0x0800aa18   0x0800aa18   0x00000060   Code   RO           78    .text.SYS_GetTemperatureLevel  adc_if.o
    0x0800aa78   0x0800aa78   0x00000010   Code   RO           74    .text.SYS_InitMeasurement  adc_if.o
    0x0800aa88   0x0800aa88   0x00000358   Code   RO         2065    .text.ScheduleTx    loramac.o
    0x0800ade0   0x0800ade0   0x00000060   Code   RO         1786    .text.SecureElementAesEncrypt  soft-se.o
    0x0800ae40   0x0800ae40   0x00000014   Code   RO         1788    .text.SecureElementComputeAesCmac  soft-se.o
    0x0800ae54   0x0800ae54   0x0000003c   Code   RO         1796    .text.SecureElementDeriveAndStoreKey  soft-se.o
    0x0800ae90   0x0800ae90   0x00000008   Code   RO         1804    .text.SecureElementGetDevEui  soft-se.o
    0x0800ae98   0x0800ae98   0x00000008   Code   RO         1808    .text.SecureElementGetJoinEui  soft-se.o
    0x0800aea0   0x0800aea0   0x0000002c   Code   RO         1778    .text.SecureElementGetKeyByID  soft-se.o
    0x0800aecc   0x0800aecc   0x000000a4   Code   RO         1774    .text.SecureElementInit  soft-se.o
    0x0800af70   0x0800af70   0x0000007e   Code   RO         1798    .text.SecureElementProcessJoinAccept  soft-se.o
    0x0800afee   0x0800afee   0x00000002   PAD
    0x0800aff0   0x0800aff0   0x0000001c   Code   RO         1800    .text.SecureElementRandomNumber  soft-se.o
    0x0800b00c   0x0800b00c   0x0000001c   Code   RO         1802    .text.SecureElementSetDevEui  soft-se.o
    0x0800b028   0x0800b028   0x0000001c   Code   RO         1806    .text.SecureElementSetJoinEui  soft-se.o
    0x0800b044   0x0800b044   0x0000006c   Code   RO         1784    .text.SecureElementSetKey  soft-se.o
    0x0800b0b0   0x0800b0b0   0x00000030   Code   RO         1792    .text.SecureElementVerifyAesCmac  soft-se.o
    0x0800b0e0   0x0800b0e0   0x00000128   Code   RO           21    .text.SendTxData    lora_app.o
    0x0800b208   0x0800b208   0x00000054   Code   RO         2063    .text.StopRetransmission  loramac.o
    0x0800b25c   0x0800b25c   0x000000d4   Code   RO         2035    .text.SwitchClass   loramac.o
    0x0800b330   0x0800b330   0x00000008   Code   RO          222    .text.SysTick_Handler  stm32l0xx_it.o
    0x0800b338   0x0800b338   0x0000002c   Code   RO         2719    .text.SysTimeAdd    stm32_systime.o
    0x0800b364   0x0800b364   0x0000003c   Code   RO         2731    .text.SysTimeFromMs  stm32_systime.o
    0x0800b3a0   0x0800b3a0   0x00000040   Code   RO         2725    .text.SysTimeGet    stm32_systime.o
    0x0800b3e0   0x0800b3e0   0x00000014   Code   RO         2727    .text.SysTimeGetMcuTime  stm32_systime.o
    0x0800b3f4   0x0800b3f4   0x00000040   Code   RO         2723    .text.SysTimeSet    stm32_systime.o
    0x0800b434   0x0800b434   0x00000024   Code   RO         2721    .text.SysTimeSub    stm32_systime.o
    0x0800b458   0x0800b458   0x00000038   Code   RO         2729    .text.SysTimeToMs   stm32_systime.o
    0x0800b490   0x0800b490   0x000000f4   Code   RO          243    .text.SystemApp_Init  sys_app.o
    0x0800b584   0x0800b584   0x00000094   Code   RO          102    .text.SystemClock_Config  main.o
    0x0800b618   0x0800b618   0x00000050   Code   RO          440    .text.SystemInit    system_stm32l0xx.o
    0x0800b668   0x0800b668   0x00000080   Code   RO         2589    .text.TRACE_AllocateBufer  stm32_adv_trace.o
    0x0800b6e8   0x0800b6e8   0x00000018   Code   RO         2587    .text.TRACE_Lock    stm32_adv_trace.o
    0x0800b700   0x0800b700   0x0000007c   Code   RO         2593    .text.TRACE_Send    stm32_adv_trace.o
    0x0800b77c   0x0800b77c   0x00000094   Code   RO         2577    .text.TRACE_TxCpltCallback  stm32_adv_trace.o
    0x0800b810   0x0800b810   0x0000001c   Code   RO         2591    .text.TRACE_UnLock  stm32_adv_trace.o
    0x0800b82c   0x0800b82c   0x00000018   Code   RO         2760    .text.TimerExists   stm32_timer.o
    0x0800b844   0x0800b844   0x00000018   Code   RO         2762    .text.TimerInsertNewHeadTimer  stm32_timer.o
    0x0800b85c   0x0800b85c   0x00000024   Code   RO         2764    .text.TimerInsertTimer  stm32_timer.o
    0x0800b880   0x0800b880   0x00000034   Code   RO         2770    .text.TimerSetTimeout  stm32_timer.o
    0x0800b8b4   0x0800b8b4   0x00000026   Code   RO          245    .text.TimestampNow  sys_app.o
    0x0800b8da   0x0800b8da   0x000000b8   Code   RO         1576    .text.UART_AdvFeatureConfig  stm32l0xx_hal_uart.o
    0x0800b992   0x0800b992   0x00000002   PAD
    0x0800b994   0x0800b994   0x00000068   Code   RO         1578    .text.UART_CheckIdleState  stm32l0xx_hal_uart.o
    0x0800b9fc   0x0800b9fc   0x00000016   Code   RO         1654    .text.UART_DMAAbortOnError  stm32l0xx_hal_uart.o
    0x0800ba12   0x0800ba12   0x00000054   Code   RO         1612    .text.UART_DMAError  stm32l0xx_hal_uart.o
    0x0800ba66   0x0800ba66   0x0000002e   Code   RO         1608    .text.UART_DMATransmitCplt  stm32l0xx_hal_uart.o
    0x0800ba94   0x0800ba94   0x0000000a   Code   RO         1610    .text.UART_DMATxHalfCplt  stm32l0xx_hal_uart.o
    0x0800ba9e   0x0800ba9e   0x0000002e   Code   RO         1624    .text.UART_EndRxTransfer  stm32l0xx_hal_uart.o
    0x0800bacc   0x0800bacc   0x00000074   Code   RO         1690    .text.UART_RxISR_16BIT  stm32l0xx_hal_uart.o
    0x0800bb40   0x0800bb40   0x00000078   Code   RO         1692    .text.UART_RxISR_8BIT  stm32l0xx_hal_uart.o
    0x0800bbb8   0x0800bbb8   0x000001d8   Code   RO         1574    .text.UART_SetConfig  stm32l0xx_hal_uart.o
    0x0800bd90   0x0800bd90   0x0000008c   Code   RO         1604    .text.UART_Start_Receive_IT  stm32l0xx_hal_uart.o
    0x0800be1c   0x0800be1c   0x00000092   Code   RO         1592    .text.UART_WaitOnFlagUntilTimeout  stm32l0xx_hal_uart.o
    0x0800beae   0x0800beae   0x00000002   PAD
    0x0800beb0   0x0800beb0   0x00000010   Code   RO          232    .text.USART2_IRQHandler  stm32l0xx_it.o
    0x0800bec0   0x0800bec0   0x000000a8   Code   RO         2585    .text.UTIL_ADV_TRACE_COND_FSend  stm32_adv_trace.o
    0x0800bf68   0x0800bf68   0x00000030   Code   RO         2575    .text.UTIL_ADV_TRACE_Init  stm32_adv_trace.o
    0x0800bf98   0x0800bf98   0x0000000c   Code   RO          259    .text.UTIL_ADV_TRACE_PostSendHook  sys_app.o
    0x0800bfa4   0x0800bfa4   0x0000000c   Code   RO          257    .text.UTIL_ADV_TRACE_PreSendHook  sys_app.o
    0x0800bfb0   0x0800bfb0   0x00000008   Code   RO         2609    .text.UTIL_ADV_TRACE_RegisterTimeStampFunction  stm32_adv_trace.o
    0x0800bfb8   0x0800bfb8   0x0000000c   Code   RO         2611    .text.UTIL_ADV_TRACE_SetVerboseLevel  stm32_adv_trace.o
    0x0800bfc4   0x0800bfc4   0x00000040   Code   RO         2646    .text.UTIL_LPM_EnterLowPower  stm32_lpm.o
    0x0800c004   0x0800c004   0x00000024   Code   RO         2644    .text.UTIL_LPM_GetMode  stm32_lpm.o
    0x0800c028   0x0800c028   0x0000000c   Code   RO         2636    .text.UTIL_LPM_Init  stm32_lpm.o
    0x0800c034   0x0800c034   0x0000002c   Code   RO         2642    .text.UTIL_LPM_SetOffMode  stm32_lpm.o
    0x0800c060   0x0800c060   0x00000030   Code   RO         2640    .text.UTIL_LPM_SetStopMode  stm32_lpm.o
    0x0800c090   0x0800c090   0x00000012   Code   RO         2657    .text.UTIL_MEM_cpy_8  stm32_mem.o
    0x0800c0a2   0x0800c0a2   0x0000000e   Code   RO         2661    .text.UTIL_MEM_set_8  stm32_mem.o
    0x0800c0b0   0x0800c0b0   0x00000008   Code   RO          247    .text.UTIL_SEQ_Idle  sys_app.o
    0x0800c0b8   0x0800c0b8   0x00000002   Code   RO         2683    .text.UTIL_SEQ_PostIdle  stm32_seq.o
    0x0800c0ba   0x0800c0ba   0x00000002   Code   RO         2679    .text.UTIL_SEQ_PreIdle  stm32_seq.o
    0x0800c0bc   0x0800c0bc   0x00000020   Code   RO         2685    .text.UTIL_SEQ_RegTask  stm32_seq.o
    0x0800c0dc   0x0800c0dc   0x000000d4   Code   RO         2675    .text.UTIL_SEQ_Run  stm32_seq.o
    0x0800c1b0   0x0800c1b0   0x00000028   Code   RO         2687    .text.UTIL_SEQ_SetTask  stm32_seq.o
    0x0800c1d8   0x0800c1d8   0x00000038   Code   RO         2756    .text.UTIL_TIMER_Create  stm32_timer.o
    0x0800c210   0x0800c210   0x00000010   Code   RO         2784    .text.UTIL_TIMER_GetCurrentTime  stm32_timer.o
    0x0800c220   0x0800c220   0x0000001c   Code   RO         2786    .text.UTIL_TIMER_GetElapsedTime  stm32_timer.o
    0x0800c23c   0x0800c23c   0x00000088   Code   RO         2782    .text.UTIL_TIMER_IRQ_Handler  stm32_timer.o
    0x0800c2c4   0x0800c2c4   0x00000010   Code   RO         2752    .text.UTIL_TIMER_Init  stm32_timer.o
    0x0800c2d4   0x0800c2d4   0x00000034   Code   RO         2772    .text.UTIL_TIMER_SetPeriod  stm32_timer.o
    0x0800c308   0x0800c308   0x00000074   Code   RO         2758    .text.UTIL_TIMER_Start  stm32_timer.o
    0x0800c37c   0x0800c37c   0x00000070   Code   RO         2768    .text.UTIL_TIMER_Stop  stm32_timer.o
    0x0800c3ec   0x0800c3ec   0x000000a4   Code   RO         2411    .text.VerifyRfFreq  regioneu868.o
    0x0800c490   0x0800c490   0x00000040   Code   RO          618    .text.__NVIC_SetPriority  stm32l0xx_hal_cortex.o
    0x0800c4d0   0x0800c4d0   0x00000084   Code   RO         1757    .text.copy_and_key  lorawan_aes.o
    0x0800c554   0x0800c554   0x0000024c   Code   RO         1755    .text.lorawan_aes_encrypt  lorawan_aes.o
    0x0800c7a0   0x0800c7a0   0x0000010c   Code   RO         1753    .text.lorawan_aes_set_key  lorawan_aes.o
    0x0800c8ac   0x0800c8ac   0x00000012   Code   RO          100    .text.main          main.o
    0x0800c8be   0x0800c8be   0x00000012   Code   RO         2465    .text.memcpy1       utilities.o
    0x0800c8d0   0x0800c8d0   0x00000016   Code   RO         2467    .text.memcpyr       utilities.o
    0x0800c8e6   0x0800c8e6   0x0000000e   Code   RO         2469    .text.memset1       utilities.o
    0x0800c8f4   0x0800c8f4   0x00000034   Code   RO         2463    .text.randr         utilities.o
    0x0800c928   0x0800c928   0x0000000c   Code   RO         2461    .text.srand1        utilities.o
    0x0800c934   0x0800c934   0x00000028   Code   RO          267    .text.tiny_snprintf_like  sys_app.o
    0x0800c95c   0x0800c95c   0x000002a0   Code   RO         2797    .text.tiny_vsnprintf_like  stm32_tiny_vsnprintf.o
    0x0800cbfc   0x0800cbfc   0x00000028   Code   RO          320    .text.vcom_DeInit   usart_if.o
    0x0800cc24   0x0800cc24   0x00000018   Code   RO          318    .text.vcom_Init     usart_if.o
    0x0800cc3c   0x0800cc3c   0x00000044   Code   RO          322    .text.vcom_ReceiveInit  usart_if.o
    0x0800cc80   0x0800cc80   0x00000014   Code   RO          324    .text.vcom_Trace_DMA  usart_if.o
    0x0800cc94   0x0800cc94   0x00000082   Code   RO         1761    .text.xor_block     lorawan_aes.o
    0x0800cd16   0x0800cd16   0x0000000e   Code   RO         2865    i.__scatterload_copy  mc_p.l(handlers.o)
    0x0800cd24   0x0800cd24   0x00000002   Code   RO         2866    i.__scatterload_null  mc_p.l(handlers.o)
    0x0800cd26   0x0800cd26   0x0000000e   Code   RO         2867    i.__scatterload_zeroinit  mc_p.l(handlers.o)
    0x0800cd34   0x0800cd34   0x00000070   Code   RO         2808    i.floorf            m_ps.l(floorf.o)
    0x0800cda4   0x0800cda4   0x000000c0   Data   RO         1810    .rodata..L__const.SecureElementInit.seNvmInit  soft-se.o
    0x0800ce64   0x0800ce64   0x00000010   Data   RO          445    .rodata.AHBPrescTable  system_stm32l0xx.o
    0x0800ce74   0x0800ce74   0x00000008   Data   RO          446    .rodata.APBPrescTable  system_stm32l0xx.o
    0x0800ce7c   0x0800ce7c   0x00000020   Data   RO         2451    .rodata.BandwidthsEU868  regioneu868.o
    0x0800ce9c   0x0800ce9c   0x00000008   Data   RO         2450    .rodata.DataratesEU868  regioneu868.o
    0x0800cea4   0x0800cea4   0x000000b0   Data   RO         2562    .rodata.FskBandwidths  sx1276.o
    0x0800cf54   0x0800cf54   0x00000009   Data   RO          447    .rodata.PLLMulTable  system_stm32l0xx.o
    0x0800cf5d   0x0800cf5d   0x00000003   PAD
    0x0800cf60   0x0800cf60   0x0000006c   Data   RO         2560    .rodata.Radio       sx1276.o
    0x0800cfcc   0x0800cfcc   0x00000030   Data   RO         2561    .rodata.RadioRegsInit  sx1276.o
    0x0800cffc   0x0800cffc   0x00000018   Data   RO          189    .rodata.UTIL_PowerDriver  stm32_lpm_if.o
    0x0800d014   0x0800d014   0x00000014   Data   RO          166    .rodata.UTIL_SYSTIMDriver  rtc_if.o
    0x0800d028   0x0800d028   0x0000002c   Data   RO          165    .rodata.UTIL_TimerDriver  rtc_if.o
    0x0800d054   0x0800d054   0x00000010   Data   RO          334    .rodata.UTIL_TraceDriver  usart_if.o
    0x0800d064   0x0800d064   0x00000040   Data   RO          429    .rodata.cst16       sx1276mb1mas.o
    0x0800d0a4   0x0800d0a4   0x00000010   Data   RO         1698    .rodata.cst16       stm32l0xx_hal_uart.o
    0x0800d0b4   0x0800d0b4   0x00000010   Data   RO         2708    .rodata.cst16       stm32_seq.o
    0x0800d0c4   0x0800d0c4   0x00000020   Data   RO          389    .rodata.cst32       nucleo_l053r8_bus.o
    0x0800d0e4   0x0800d0e4   0x00000008   Data   RO          430    .rodata.cst8        sx1276mb1mas.o
    0x0800d0ec   0x0800d0ec   0x00000010   Data   RO         2449    .rodata.cst8        regioneu868.o
    0x0800d0fc   0x0800d0fc   0x00000100   Data   RO         1764    .rodata.gfm2_sbox   lorawan_aes.o
    0x0800d1fc   0x0800d1fc   0x00000100   Data   RO         1765    .rodata.gfm3_sbox   lorawan_aes.o
    0x0800d2fc   0x0800d2fc   0x00000100   Data   RO         1763    .rodata.sbox        lorawan_aes.o
    0x0800d3fc   0x0800d3fc   0x0000008a   Data   RO           35    .rodata.str1.1      lora_app.o
    0x0800d486   0x0800d486   0x00000091   Data   RO         1812    .rodata.str1.1      soft-se.o
    0x0800d517   0x0800d517   0x00000083   Data   RO         1938    .rodata.str1.1      lmhandler.o
    0x0800d59a   0x0800d59a   0x00000010   Data   RO         2394    .rodata.str1.1      regioncommon.o
    0x0800d5aa   0x0800d5aa   0x00000007   Data   RO         2799    .rodata.str1.1      stm32_tiny_vsnprintf.o
    0x0800d5b1   0x0800d5b1   0x00000003   PAD
    0x0800d5b4   0x0800d5b4   0x00000020   Data   RO         2864    Region$$Table       anon$$obj.o


    Execution Region RW_IRAM1 (Exec base: 0x20000000, Load base: 0x0800d5d8, Size: 0x00001e20, Max: 0x00002000, ABSOLUTE)

    Exec Addr    Load Addr    Size         Type   Attr      Idx    E Section Name        Object

    0x20000000   0x0800d5d8   0x0000004c   Data   RW           37    .data..L_MergedGlobals  lora_app.o
    0x2000004c   0x0800d624   0x00000008   Data   RW          519    .data..L_MergedGlobals  stm32l0xx_hal.o
    0x20000054   0x0800d62c   0x0000002c   Data   RW         1940    .data..L_MergedGlobals  lmhandler.o
    0x20000080   0x0800d658   0x00000008   Data   RW         2709    .data..L_MergedGlobals  stm32_seq.o
    0x20000088   0x0800d660   0x00000018   Data   RW         2563    .data.DioIrq        sx1276.o
    0x200000a0   0x0800d678   0x00000008   Data   RW         2259    .data.KeyAddrList   loramaccrypto.o
    0x200000a8   0x0800d680   0x00000034   Data   RW         1970    .data.LmhpCompliancePackage  lmhpcompliance.o
    0x200000dc   0x0800d6b4   0x0000000c   Data   RW         1937    .data.LmhpComplianceParams  lmhandler.o
    0x200000e8   0x0800d6c0   0x00000004   Data   RW          444    .data.SystemCoreClock  system_stm32l0xx.o
    0x200000ec   0x0800d6c4   0x00000004   Data   RW         2481    .data.next          utilities.o
    0x200000f0        -       0x00000044   Zero   RW          168    .bss..L_MergedGlobals  rtc_if.o
    0x20000134        -       0x00000008   Zero   RW          336    .bss..L_MergedGlobals  usart_if.o
    0x2000013c        -       0x00000040   Zero   RW         1971    .bss..L_MergedGlobals  lmhpcompliance.o
    0x2000017c        -       0x00000018   Zero   RW         2071    .bss..L_MergedGlobals  loramac.o
    0x20000194        -       0x00000008   Zero   RW         2452    .bss..L_MergedGlobals  regioneu868.o
    0x2000019c        -       0x0000004c   Zero   RW         2566    .bss..L_MergedGlobals  sx1276.o
    0x200001e8        -       0x00000008   Zero   RW         2648    .bss..L_MergedGlobals  stm32_lpm.o
    0x200001f0        -       0x00000020   Zero   RW         2710    .bss..L_MergedGlobals.2  stm32_seq.o
    0x20000210        -       0x00000064   Zero   RW           38    .bss..L_MergedGlobals.26  lora_app.o
    0x20000274        -       0x00000068   Zero   RW         1941    .bss..L_MergedGlobals.6  lmhandler.o
    0x200002dc        -       0x00000400   Zero   RW         2626    .bss.ADV_TRACE_Buffer  stm32_adv_trace.o
    0x200006dc        -       0x00000018   Zero   RW         2625    .bss.ADV_TRACE_Ctx  stm32_adv_trace.o
    0x200006f4        -       0x000000f2   Zero   RW           36    .bss.AppDataBuffer  lora_app.o
    0x200007e6        -       0x000000f2   Zero   RW         1939    .bss.AppDataBuffer  lmhandler.o
    0x200008d8        -       0x000000fc   Zero   RW         2178    .bss.CommandsCtx    loramaccommands.o
    0x200009d4        -       0x00000024   Zero   RW         2213    .bss.ConfirmQueueCtx  loramacconfirmqueue.o
    0x200009f8        -       0x00000004   Zero   RW         2258    .bss.CryptoNvm      loramaccrypto.o
    0x200009fc        -       0x00000508   Zero   RW         2069    .bss.MacCtx         loramac.o
    0x20000f04        -       0x0000034c   Zero   RW         2070    .bss.Nvm            loramac.o
    0x20001250        -       0x00000001   Zero   RW          167    .bss.RTC_Initalized  rtc_if.o
    0x20001251   0x0800d6c8   0x00000003   PAD
    0x20001254        -       0x00000100   Zero   RW         2565    .bss.RxTxBuffer     sx1276.o
    0x20001354        -       0x00000068   Zero   RW         2564    .bss.SX1276         sx1276.o
    0x200013bc        -       0x00000004   Zero   RW         1811    .bss.SeNvm          soft-se.o
    0x200013c0        -       0x00000080   Zero   RW         2707    .bss.TaskCb         stm32_seq.o
    0x20001440        -       0x00000004   Zero   RW         2788    .bss.TimerListHead  stm32_timer.o
    0x20001444        -       0x00000004   Zero   RW          335    .bss.TxCpltCallback  usart_if.o
    0x20001448        -       0x00000020   Zero   RW          431    .bss.hRADIO_DIO_exti  sx1276mb1mas.o
    0x20001468        -       0x0000005c   Zero   RW           65    .bss.hadc           adc.o
    0x200014c4        -       0x00000048   Zero   RW          309    .bss.hdma_usart2_tx  usart.o
    0x2000150c        -       0x00000024   Zero   RW          120    .bss.hrtc           rtc.o
    0x20001530        -       0x00000058   Zero   RW          388    .bss.hspi1          nucleo_l053r8_bus.o
    0x20001588        -       0x00000084   Zero   RW          308    .bss.huart2         usart.o
    0x2000160c        -       0x00000010   Zero   RW           51    .bss.loraInfo       lora_info.o
    0x2000161c        -       0x00000200   Zero   RW         2627    .bss.sztmp          stm32_adv_trace.o
    0x2000181c        -       0x00000004   Zero   RW          518    .bss.uwTick         stm32l0xx_hal.o
    0x20001820        -       0x00000600   Zero   RW          344    STACK               startup_stm32l053xx.o


==============================================================================

Image component sizes


      Code (inc. data)   RO Data    RW Data    ZI Data      Debug   Object Name

       164         24          0          0         92       4119   adc.o
       320         52          0          0          0       3152   adc_if.o
        24          0          0          0          0        534   app_lorawan.o
       654          0          0          0          0       2734   cmac.o
        44          4          0          0          0       1816   dma.o
      1998        288        131         56        346      37332   lmhandler.o
       778         28          0         52         64      18774   lmhpcompliance.o
      1510        600        138         76        342       9815   lora_app.o
        28          4          0          0         16       1294   lora_info.o
     10952        976          0          0       2156      61642   loramac.o
       216          0          0          0          0       6019   loramacadr.o
        78          0          0          0          0      18394   loramacclassb.o
       538         22          0          0        252       6245   loramaccommands.o
       452          8          0          0         36       8664   loramacconfirmqueue.o
      1610         32          0          8          4      16905   loramaccrypto.o
       332          0          0          0          0       3429   loramacparser.o
       306          0          0          0          0       4473   loramacserializer.o
      1118         16        768          0          0       5351   lorawan_aes.o
       174          8          0          0          0       2506   main.o
       252         28         32          0         88      11436   nucleo_l053r8_bus.o
        10          0          0          0          0        980   nvmdatamgmt.o
       362          4          0          0          0      14453   region.o
      1832        176         16          0          0      17176   regioncommon.o
      2652        256         56          0          8      21307   regioneu868.o
       276         24          0          0         36       4709   rtc.o
       946         84         64          0         69       9698   rtc_if.o
      1308        242        337          0          4       8967   soft-se.o
        28          8        192          0       1536        648   startup_stm32l053xx.o
       688         40          0          0       1560      10627   stm32_adv_trace.o
       204          8          0          0          8       2856   stm32_lpm.o
       150         12         24          0          0       2775   stm32_lpm_if.o
        32          0          0          0          0       1467   stm32_mem.o
       348         16         16          8        160       6765   stm32_seq.o
       344         12          0          0          0       6259   stm32_systime.o
       668         16          0          0          4       7748   stm32_timer.o
       672         84          7          0          0       3986   stm32_tiny_vsnprintf.o
       136         24          0          8          4       6956   stm32l0xx_hal.o
      1444         52          0          0          0      11643   stm32l0xx_hal_adc.o
       168          0          0          0          0       5377   stm32l0xx_hal_adc_ex.o
       128         16          0          0          0       6646   stm32l0xx_hal_cortex.o
       670         16          0          0          0       7042   stm32l0xx_hal_dma.o
        60          0          0          0          0       4827   stm32l0xx_hal_exti.o
       640         24          0          0          0       5048   stm32l0xx_hal_gpio.o
        48          8          0          0          0       1350   stm32l0xx_hal_msp.o
       176          8          0          0          0       4637   stm32l0xx_hal_pwr.o
        32          0          0          0          0       1876   stm32l0xx_hal_pwr_ex.o
      1852         84          0          0          0       8687   stm32l0xx_hal_rcc.o
       444          4          0          0          0       8032   stm32l0xx_hal_rcc_ex.o
      1570         44          0          0          0      10744   stm32l0xx_hal_rtc.o
        72          0          0          0          0      12798   stm32l0xx_hal_rtc_ex.o
      1162         12          0          0          0      23009   stm32l0xx_hal_spi.o
      2498        134         16          0          0      23443   stm32l0xx_hal_uart.o
       168          4          0          0          0       8179   stm32l0xx_hal_uart_ex.o
       118         20          0          0          0       1678   stm32l0xx_it.o
      5234        234        332         24        436      21419   sx1276.o
       846         58         72          0         32       9558   sx1276mb1mas.o
       556         60          0          0          0       5172   sys_app.o
       106          8          0          0          0       2076   sys_debug.o
        48         20          0          0          0       1240   sys_sensors.o
        80         16         33          4          0       2378   system_stm32l0xx.o
       384         28          0          0        204       5942   usart.o
       212         24         16          0         12       6664   usart_if.o
       178         20          0          4          0       3465   utilities.o

    ----------------------------------------------------------------------
     51182       3990       2288        240       7472     554941   Object Totals
         0          0         32          0          0          0   (incl. Generated)
        84          0          6          0          3          0   (incl. Padding)

    ----------------------------------------------------------------------

      Code (inc. data)   RO Data    RW Data    ZI Data      Debug   Library Member Name

       112         14          0          0          0         76   floorf.o
         0          0          0          0          0          0   entry.o
         0          0          0          0          0          0   entry10a.o
         0          0          0          0          0          0   entry11a.o
         8          4          0          0          0          0   entry2.o
         4          0          0          0          0          0   entry5.o
         0          0          0          0          0          0   entry7b.o
         0          0          0          0          0          0   entry8b.o
         8          4          0          0          0          0   entry9a.o
        30          0          0          0          0          0   handlers.o
        40          0          0          0          0         72   idiv.o
        36          8          0          0          0         68   init.o
         0          0          0          0          0          0   iusefp.o
       122          0          0          0          0         84   llmul.o
        32          0          0          0          0         68   llshl.o
        34          0          0          0          0         68   llushr.o
        36          0          0          0          0         60   memcpya.o
        36          0          0          0          0        100   memseta.o
        14          0          0          0          0         60   strlen.o
        44          0          0          0          0         72   uidiv.o
        96          0          0          0          0         84   uldiv.o
       178          0          0          0          0        108   fadd.o
       124          0          0          0          0         72   fdiv.o
       130          0          0          0          0        144   fepilogue.o
        50          0          0          0          0         60   ffixi.o
        14          0          0          0          0         68   ffltui.o
       122          0          0          0          0         72   fmul.o

    ----------------------------------------------------------------------
      1270         30          0          0          0       1336   Library Totals
         0          0          0          0          0          0   (incl. Padding)

    ----------------------------------------------------------------------

      Code (inc. data)   RO Data    RW Data    ZI Data      Debug   Library Name

       112         14          0          0          0         76   m_ps.l
       540         16          0          0          0        736   mc_p.l
       618          0          0          0          0        524   mf_p.l

    ----------------------------------------------------------------------
      1270         30          0          0          0       1336   Library Totals

    ----------------------------------------------------------------------

==============================================================================


      Code (inc. data)   RO Data    RW Data    ZI Data      Debug   

     52452       4020       2288        240       7472     554881   Grand Totals
     52452       4020       2288        240       7472     554881   ELF Image Totals
     52452       4020       2288        240          0          0   ROM Totals

==============================================================================

    Total RO  Size (Code + RO Data)                54740 (  53.46kB)
    Total RW  Size (RW Data + ZI Data)              7712 (   7.53kB)
    Total ROM Size (Code + RO Data + RW Data)      54980 (  53.69kB)

==============================================================================

