<html>
<body>
<pre>
<h1>µVision Build Log</h1>
<h2>Tool Versions:</h2>
IDE-Version: µVision V5.31.0.0
Copyright (C) 2020 ARM Ltd and ARM Germany GmbH. All rights reserved.
License Information: Iman Zamani, ESM, LIC=EXJT4-FR01J-UHP8H-WEHXQ-CJLC8-N86FR
 
Tool Versions:
Toolchain:       MDK-ARM Plus  Version: 5.31.0.0
Toolchain Path:  C:\Keil_v5\ARM\ARMCLANG\Bin
C Compiler:      ArmClang.exe V6.14
Assembler:       Armasm.exe V6.14
Linker/Locator:  ArmLink.exe V6.14
Library Manager: ArmAr.exe V6.14
Hex Converter:   FromElf.exe V6.14
CPU DLL:         SARMCM3.DLL V5.31.0.0
Dialog DLL:      DARMCM1.DLL V1.19.3.0
Target DLL:      STLink\ST-LINKIII-KEIL_SWO.dll V3.0.7.0
Dialog DLL:      TARMCM1.DLL V1.14.2.0
 
<h2>Project:</h2>
D:\Work\ESM\Projects\STM32CubeL\Projects\NUCLEO-L073RZ\Applications\LoRaWAN\LoRaWAN_End_Node\MDK-ARM\LoRaWAN_End_Node.uvprojx
Project File Date:  11/12/2022

<h2>Output:</h2>
*** Using Compiler 'V6.14', folder: 'C:\Keil_v5\ARM\ARMCLANG\Bin'
Rebuild target 'sx1276mb1mas'
compiling adc_if.c...
compiling app_lorawan.c...
compiling lora_info.c...
compiling CayenneLpp.c...
compiling dma.c...
compiling lora_app.c...
compiling adc.c...
compiling rtc.c...
compiling main.c...
compiling stm32l0xx_hal_msp.c...
compiling stm32_lpm_if.c...
compiling stm32l0xx_it.c...
compiling sys_app.c...
compiling sys_sensors.c...
assembling startup_stm32l073xx.s...
compiling rtc_if.c...
compiling sys_debug.c...
compiling usart.c...
compiling usart_if.c...
compiling nucleo_l073rz_bus.c...
compiling hts221.c...
compiling hts221_reg.c...
compiling lps22hb.c...
compiling lps22hb_reg.c...
compiling lsm303agr.c...
compiling stm32l0xx_nucleo.c...
compiling sx1276mb1mas.c...
compiling lsm6dsl.c...
compiling iks01a2_env_sensors.c...
compiling system_stm32l0xx.c...
compiling iks01a2_env_sensors_ex.c...
compiling lsm303agr_reg.c...
compiling iks01a2_motion_sensors.c...
compiling stm32l0xx_hal.c...
compiling iks01a2_motion_sensors_ex.c...
compiling stm32l0xx_hal_adc_ex.c...
compiling stm32l0xx_hal_cortex.c...
compiling stm32l0xx_hal_adc.c...
compiling stm32l0xx_hal_dma.c...
compiling lsm6dsl_reg.c...
compiling stm32l0xx_hal_exti.c...
compiling stm32l0xx_hal_gpio.c...
compiling stm32l0xx_hal_i2c_ex.c...
compiling stm32l0xx_hal_pwr_ex.c...
compiling stm32l0xx_hal_pwr.c...
compiling stm32l0xx_hal_rcc_ex.c...
compiling stm32l0xx_hal_rcc.c...
compiling stm32l0xx_hal_rtc.c...
compiling stm32l0xx_hal_rtc_ex.c...
compiling stm32l0xx_hal_tim_ex.c...
compiling stm32l0xx_hal_uart_ex.c...
compiling stm32l0xx_hal_i2c.c...
compiling cmac.c...
compiling lorawan_aes.c...
compiling stm32l0xx_hal_spi.c...
compiling LmhpCompliance.c...
compiling stm32l0xx_hal_uart.c...
compiling soft-se.c...
compiling NvmDataMgmt.c...
compiling stm32l0xx_hal_tim.c...
compiling LoRaMacAdr.c...
compiling LmHandler.c...
compiling LoRaMacCommands.c...
compiling LoRaMacConfirmQueue.c...
compiling LoRaMacClassB.c...
compiling LoRaMacParser.c...
compiling LoRaMacSerializer.c...
compiling LoRaMacCrypto.c...
compiling Region.c...
compiling RegionAS923.c...
compiling RegionAU915.c...
compiling RegionBaseUS.c...
compiling RegionCN470.c...
compiling RegionCN779.c...
compiling RegionEU433.c...
compiling RegionIN865.c...
compiling RegionKR920.c...
compiling RegionEU868.c...
compiling RegionRU864.c...
compiling RegionCommon.c...
compiling RegionUS915.c...
compiling LoRaMac.c...
compiling utilities.c...
compiling stm32_mem.c...
compiling stm32_lpm.c...
compiling stm32_seq.c...
compiling stm32_systime.c...
compiling stm32_adv_trace.c...
compiling stm32_timer.c...
compiling stm32_tiny_vsnprintf.c...
compiling sx1276.c...
linking...
Program Size: Code=52444 RO-data=2288 RW-data=240 ZI-data=7472  
After Build - User command #1: fromelf sx1276mb1mas\Exe\sx1276mb1mas.axf --bin --output=sx1276mb1mas\Exe\sx1276mb1mas.bin
"sx1276mb1mas\Exe\sx1276mb1mas.axf" - 0 Error(s), 0 Warning(s).

<h2>Software Packages used:</h2>

Package Vendor: ARM
                http://www.keil.com/pack/ARM.CMSIS.5.9.0.pack
                ARM.CMSIS.5.9.0
                CMSIS (Common Microcontroller Software Interface Standard)
   * Component: CORE Version: 5.6.0

Package Vendor: Keil
                http://www.keil.com/pack/Keil.STM32L0xx_DFP.2.2.0.pack
                Keil.STM32L0xx_DFP.2.2.0
                STMicroelectronics STM32L0 Series Device Support, Drivers and Examples

<h2>Collection of Component include folders:</h2>
  .\RTE\_sx1276mb1mas
  C:\Users\izama\AppData\Local\Arm\Packs\ARM\CMSIS\5.9.0\CMSIS\Core\Include
  C:\Users\izama\AppData\Local\Arm\Packs\Keil\STM32L0xx_DFP\2.2.0\Drivers\CMSIS\Device\ST\STM32L0xx\Include

<h2>Collection of Component Files used:</h2>

   * Component: ARM::CMSIS:CORE:5.6.0
Build Time Elapsed:  00:00:11
</pre>
</body>
</html>
